Archive member included because of file (symbol)

c:/program files (x86)/microchip/xc32/v1.42/bin/bin/../../lib/gcc/pic32mx/4.8.3/../../../../pic32mx/lib\libpic32.a(memcpy.o)
                              build/default/production/_ext/1128951024/queue.o (memcpy)
c:/program files (x86)/microchip/xc32/v1.42/bin/bin/../../lib/gcc/pic32mx/4.8.3/../../../../pic32mx/lib\libpic32.a(memset.o)
                              build/default/production/_ext/1128951024/tasks.o (memset)
c:/program files (x86)/microchip/xc32/v1.42/bin/bin/../../lib/gcc/pic32mx/4.8.3/../../../../pic32mx/lib\libpic32.a(default-bootstrap-exception-handler.o)
                              c:/program files (x86)/microchip/xc32/v1.42/bin/bin/../../lib/gcc/pic32mx/4.8.3/../../../../pic32mx/lib/./proc/32MX795F512L/crt0_mips32r2.o (_bootstrap_exception_handler)
c:/program files (x86)/microchip/xc32/v1.42/bin/bin/../../lib/gcc/pic32mx/4.8.3/../../../../pic32mx/lib\libpic32.a(default-on-reset.o)
                              c:/program files (x86)/microchip/xc32/v1.42/bin/bin/../../lib/gcc/pic32mx/4.8.3/../../../../pic32mx/lib/./proc/32MX795F512L/crt0_mips32r2.o (_on_reset)
c:/program files (x86)/microchip/xc32/v1.42/bin/bin/../../lib/gcc/pic32mx/4.8.3/../../../../pic32mx/lib\libpic32.a(default-on-bootstrap.o)
                              c:/program files (x86)/microchip/xc32/v1.42/bin/bin/../../lib/gcc/pic32mx/4.8.3/../../../../pic32mx/lib/./proc/32MX795F512L/crt0_mips32r2.o (_on_bootstrap)
c:/program files (x86)/microchip/xc32/v1.42/bin/bin/../../lib/gcc/pic32mx/4.8.3/../../../../pic32mx/lib\libpic32.a(default-nmi-handler.o)
                              c:/program files (x86)/microchip/xc32/v1.42/bin/bin/../../lib/gcc/pic32mx/4.8.3/../../../../pic32mx/lib/./proc/32MX795F512L/crt0_mips32r2.o (_nmi_handler)
c:/program files (x86)/microchip/xc32/v1.42/bin/bin/../../lib/gcc/pic32mx/4.8.3/../../../../pic32mx/lib\libpic32.a(general-exception.o)
                              c:/program files (x86)/microchip/xc32/v1.42/bin/bin/../../lib/gcc/pic32mx/4.8.3/../../../../pic32mx/lib/./proc/32MX795F512L/crt0_mips32r2.o (_general_exception_context)
c:/program files (x86)/microchip/xc32/v1.42/bin/bin/../../lib/gcc/pic32mx/4.8.3/../../../../pic32mx/lib\libpic32.a(vector0.o)
                              c:/program files (x86)/microchip/xc32/v1.42/bin/bin/../../lib/gcc/pic32mx/4.8.3/../../../../pic32mx/lib/./proc/32MX795F512L\default_isr_vectors.o (__vector_dispatch_0)
c:/program files (x86)/microchip/xc32/v1.42/bin/bin/../../lib/gcc/pic32mx/4.8.3/../../../../pic32mx/lib\libpic32.a(vector2.o)
                              c:/program files (x86)/microchip/xc32/v1.42/bin/bin/../../lib/gcc/pic32mx/4.8.3/../../../../pic32mx/lib/./proc/32MX795F512L\default_isr_vectors.o (__vector_dispatch_2)
c:/program files (x86)/microchip/xc32/v1.42/bin/bin/../../lib/gcc/pic32mx/4.8.3/../../../../pic32mx/lib\libpic32.a(vector3.o)
                              c:/program files (x86)/microchip/xc32/v1.42/bin/bin/../../lib/gcc/pic32mx/4.8.3/../../../../pic32mx/lib/./proc/32MX795F512L\default_isr_vectors.o (__vector_dispatch_3)
c:/program files (x86)/microchip/xc32/v1.42/bin/bin/../../lib/gcc/pic32mx/4.8.3/../../../../pic32mx/lib\libpic32.a(vector5.o)
                              c:/program files (x86)/microchip/xc32/v1.42/bin/bin/../../lib/gcc/pic32mx/4.8.3/../../../../pic32mx/lib/./proc/32MX795F512L\default_isr_vectors.o (__vector_dispatch_5)
c:/program files (x86)/microchip/xc32/v1.42/bin/bin/../../lib/gcc/pic32mx/4.8.3/../../../../pic32mx/lib\libpic32.a(vector6.o)
                              c:/program files (x86)/microchip/xc32/v1.42/bin/bin/../../lib/gcc/pic32mx/4.8.3/../../../../pic32mx/lib/./proc/32MX795F512L\default_isr_vectors.o (__vector_dispatch_6)
c:/program files (x86)/microchip/xc32/v1.42/bin/bin/../../lib/gcc/pic32mx/4.8.3/../../../../pic32mx/lib\libpic32.a(vector7.o)
                              c:/program files (x86)/microchip/xc32/v1.42/bin/bin/../../lib/gcc/pic32mx/4.8.3/../../../../pic32mx/lib/./proc/32MX795F512L\default_isr_vectors.o (__vector_dispatch_7)
c:/program files (x86)/microchip/xc32/v1.42/bin/bin/../../lib/gcc/pic32mx/4.8.3/../../../../pic32mx/lib\libpic32.a(vector9.o)
                              c:/program files (x86)/microchip/xc32/v1.42/bin/bin/../../lib/gcc/pic32mx/4.8.3/../../../../pic32mx/lib/./proc/32MX795F512L\default_isr_vectors.o (__vector_dispatch_9)
c:/program files (x86)/microchip/xc32/v1.42/bin/bin/../../lib/gcc/pic32mx/4.8.3/../../../../pic32mx/lib\libpic32.a(vector10.o)
                              c:/program files (x86)/microchip/xc32/v1.42/bin/bin/../../lib/gcc/pic32mx/4.8.3/../../../../pic32mx/lib/./proc/32MX795F512L\default_isr_vectors.o (__vector_dispatch_10)
c:/program files (x86)/microchip/xc32/v1.42/bin/bin/../../lib/gcc/pic32mx/4.8.3/../../../../pic32mx/lib\libpic32.a(vector11.o)
[...]
Memory Configuration

Name             Origin             Length             Attributes
kseg0_program_mem 0x9d000000         0x00080000         xr
kseg0_boot_mem   0x9fc00490         0x00000970
exception_mem    0x9fc01000         0x00001000
kseg1_boot_mem   0xbfc00000         0x00000490
debug_exec_mem   0xbfc02000         0x00000ff0
config3          0xbfc02ff0         0x00000004
config2          0xbfc02ff4         0x00000004
config1          0xbfc02ff8         0x00000004
config0          0xbfc02ffc         0x00000004
kseg1_data_mem   0xa0000000         0x00020000         w !x
sfrs             0xbf800000         0x00100000
configsfrs       0xbfc02ff0         0x00000010
*default*        0x00000000         0xffffffff

Linker script and memory map

LOAD c:/program files (x86)/microchip/xc32/v1.42/bin/bin/../../lib/gcc/pic32mx/4.8.3/../../../../pic32mx/lib/./proc/32MX795F512L/crt0_mips32r2.o
LOAD c:/program files (x86)/microchip/xc32/v1.42/bin/bin/../../lib/gcc/pic32mx/4.8.3/../../../../pic32mx/lib\debug-exception-return.o
LOAD build/default/production/_ext/1360937237/app.o
LOAD build/default/production/_ext/1360937237/main.o
LOAD build/default/production/_ext/24337685/osal_freertos.o
LOAD build/default/production/_ext/122796885/sys_int_pic32.o
LOAD build/default/production/_ext/1128951024/croutine.o
LOAD build/default/production/_ext/1128951024/list.o
LOAD build/default/production/_ext/1128951024/queue.o
LOAD build/default/production/_ext/1128951024/tasks.o
LOAD build/default/production/_ext/1128951024/timers.o
LOAD build/default/production/_ext/1128951024/event_groups.o
LOAD build/default/production/_ext/1856876499/heap_1.o
LOAD build/default/production/_ext/12131622/port.o
LOAD build/default/production/_ext/12131622/port_asm.o
LOAD build/default/production/_ext/1361460060/drv_adc_static.o
LOAD build/default/production/_ext/1407244131/drv_tmr_static.o
LOAD build/default/production/_ext/1407244131/drv_tmr_mapping.o
LOAD build/default/production/_ext/327000265/drv_usart_mapping.o
LOAD build/default/production/_ext/327000265/drv_usart_static.o
LOAD build/default/production/_ext/327000265/drv_usart_static_byte_model.o
LOAD build/default/production/_ext/639803181/sys_clk_pic32mx.o
LOAD build/default/production/_ext/340578644/sys_devcon.o
LOAD build/default/production/_ext/340578644/sys_devcon_pic32mx.o
LOAD build/default/production/_ext/822048611/sys_ports_static.o
LOAD build/default/production/_ext/1688732426/system_init.o
LOAD build/default/production/_ext/1688732426/system_interrupt.o
LOAD build/default/production/_ext/1688732426/system_exceptions.o
LOAD build/default/production/_ext/1688732426/system_tasks.o
LOAD build/default/production/_ext/1688732426/system_interrupt_a.o
LOAD build/default/production/_ext/1688732426/rtos_hooks.o
LOAD ..\..\..\..\bin\framework\peripheral\PIC32MX795F512L_peripherals.a
                0x00000001                __MPLAB_BUILD = 0x1
                0x00000000                _min_heap_size = 0x0
LOAD c:/program files (x86)/microchip/xc32/v1.42/bin/bin/../../lib/gcc/pic32mx/4.8.3/../../../../pic32mx/lib/./proc/32MX795F512L\default_isr_vectors.o
LOAD c:/program files (x86)/microchip/xc32/v1.42/bin/bin/../../lib/gcc/pic32mx/4.8.3/../../../../pic32mx/lib\pic32_software_reset.o
                0x00000400                PROVIDE (_min_stack_size, 0x400)
LOAD c:/program files (x86)/microchip/xc32/v1.42/bin/bin/../../lib/gcc/pic32mx/4.8.3/../../../../pic32mx/lib/./proc/32MX795F512L\processor.o
START GROUP
LOAD c:/program files (x86)/microchip/xc32/v1.42/bin/bin/../../lib/gcc/pic32mx/4.8.3/../../../../pic32mx/lib\libmchp_peripheral.a
END GROUP
START GROUP
LOAD c:/program files (x86)/microchip/xc32/v1.42/bin/bin/../../lib/gcc/pic32mx/4.8.3/../../../../pic32mx/lib\libmchp_peripheral_32MX795F512L.a
END GROUP
                0x00000001                PROVIDE (_vector_spacing, 0x1)
                0x9fc01000                PROVIDE (_ebase_address, 0x9fc01000)
                0xbfc00000                _RESET_ADDR = 0xbfc00000
                0xbfc00380                _BEV_EXCPT_ADDR = 0xbfc00380
                0xbfc00480                _DBG_EXCPT_ADDR = 0xbfc00480
                0xbfc02000                _DBG_CODE_ADDR = 0xbfc02000
                0x00000ff0                _DBG_CODE_SIZE = 0xff0
                0x9fc01180                _GEN_EXCPT_ADDR = (_ebase_address + 0x180)

.config_BFC02FF0
                0xbfc02ff0        0x4
 *(.config_BFC02FF0)
 .config_BFC02FF0
                0xbfc02ff0        0x4 build/default/production/_ext/1688732426/system_init.o

.config_BFC02FF4
                0xbfc02ff4        0x4
 *(.config_BFC02FF4)
 .config_BFC02FF4
                0xbfc02ff4        0x4 build/default/production/_ext/1688732426/system_init.o

.config_BFC02FF8
                0xbfc02ff8        0x4
 *(.config_BFC02FF8)
 .config_BFC02FF8
                0xbfc02ff8        0x4 build/default/production/_ext/1688732426/system_init.o

.config_BFC02FFC
                0xbfc02ffc        0x4
 *(.config_BFC02FFC)
 .config_BFC02FFC
                0xbfc02ffc        0x4 build/default/production/_ext/1688732426/system_init.o
                0xbfc02000                PROVIDE (_DBG_CODE_ADDR, 0xbfc02000)
                0x00000ff0                PROVIDE (_DBG_CODE_SIZE, 0xff0)

.reset          0xbfc00000      0x208
 *(.reset)
 .reset         0xbfc00000        0x8 c:/program files (x86)/microchip/xc32/v1.42/bin/bin/../../lib/gcc/pic32mx/4.8.3/../../../../pic32mx/lib/./proc/32MX795F512L/crt0_mips32r2.o
                0xbfc00000                _reset
 *(.reset.startup)
 .reset.startup
                0xbfc00008      0x200 c:/program files (x86)/microchip/xc32/v1.42/bin/bin/../../lib/gcc/pic32mx/4.8.3/../../../../pic32mx/lib/./proc/32MX795F512L/crt0_mips32r2.o

.bev_excpt      0xbfc00380       0x10
 *(.bev_handler)
 .bev_handler   0xbfc00380       0x10 c:/program files (x86)/microchip/xc32/v1.42/bin/bin/../../lib/gcc/pic32mx/4.8.3/../../../../pic32mx/lib/./proc/32MX795F512L/crt0_mips32r2.o

.dbg_excpt      0xbfc00480        0x0
                0xbfc00480                . = (. + DEFINED (_DEBUGGER)?0x8:0x0)

.dbg_code       0xbfc02000        0x0
                0xbfc02000                . = (. + DEFINED (_DEBUGGER)?_DBG_CODE_SIZE:0x0)

.app_excpt      0x9fc01180       0x10
 *(.gen_handler)
 .gen_handler   0x9fc01180       0x10 c:/program files (x86)/microchip/xc32/v1.42/bin/bin/../../lib/gcc/pic32mx/4.8.3/../../../../pic32mx/lib/./proc/32MX795F512L/crt0_mips32r2.o

.vector_0       0x9fc01200        0x8
 *(.vector_0)
 .vector_0      0x9fc01200        0x8 c:/program files (x86)/microchip/xc32/v1.42/bin/bin/../../lib/gcc/pic32mx/4.8.3/../../../../pic32mx/lib\libpic32.a(vector0.o)
                0x9fc01200                __vector_dispatch_0
                0x00000001                ASSERT (((_vector_spacing == 0x0) || (SIZEOF (.vector_0) <= (_vector_spacing << 0x5))), function at exception vector 0 too large)

.vector_1       0x9fc01220        0x8
 *(.vector_1)
 .vector_1      0x9fc01220        0x8 build/default/production/_ext/12131622/port.o
                0x9fc01220                __vector_dispatch_1
                0x00000001                ASSERT (((_vector_spacing == 0x0) || (SIZEOF (.vector_1) <= (_vector_spacing << 0x5))), function at exception vector 1 too large)

.vector_2       0x9fc01240        0x8
 *(.vector_2)
 .vector_2      0x9fc01240        0x8 c:/program files (x86)/microchip/xc32/v1.42/bin/bin/../../lib/gcc/pic32mx/4.8.3/../../../../pic32mx/lib\libpic32.a(vector2.o)
                0x9fc01240                __vector_dispatch_2
                0x00000001                ASSERT (((_vector_spacing == 0x0) || (SIZEOF (.vector_2) <= (_vector_spacing << 0x5))), function at exception vector 2 too large)

.vector_3       0x9fc01260        0x8
 *(.vector_3)
 .vector_3      0x9fc01260        0x8 c:/program files (x86)/microchip/xc32/v1.42/bin/bin/../../lib/gcc/pic32mx/4.8.3/../../../../pic32mx/lib\libpic32.a(vector3.o)
                0x9fc01260                __vector_dispatch_3
                0x00000001                ASSERT (((_vector_spacing == 0x0) || (SIZEOF (.vector_3) <= (_vector_spacing << 0x5))), function at exception vector 3 too large)

.vector_4       0x9fc01280        0x8
 *(.vector_4)
 .vector_4      0x9fc01280        0x8 build/default/production/_ext/12131622/port.o
                0x9fc01280                __vector_dispatch_4
                0x00000001                ASSERT (((_vector_spacing == 0x0) || (SIZEOF (.vector_4) <= (_vector_spacing << 0x5))), function at exception vector 4 too large)

.vector_5       0x9fc012a0        0x8
 *(.vector_5)
 .vector_5      0x9fc012a0        0x8 c:/program files (x86)/microchip/xc32/v1.42/bin/bin/../../lib/gcc/pic32mx/4.8.3/../../../../pic32mx/lib\libpic32.a(vector5.o)
                0x9fc012a0                __vector_dispatch_5
                0x00000001                ASSERT (((_vector_spacing == 0x0) || (SIZEOF (.vector_5) <= (_vector_spacing << 0x5))), function at exception vector 5 too large)

.vector_6       0x9fc012c0        0x8
 *(.vector_6)
 .vector_6      0x9fc012c0        0x8 c:/program files (x86)/microchip/xc32/v1.42/bin/bin/../../lib/gcc/pic32mx/4.8.3/../../../../pic32mx/lib\libpic32.a(vector6.o)
                0x9fc012c0                __vector_dispatch_6
                0x00000001                ASSERT (((_vector_spacing == 0x0) || (SIZEOF (.vector_6) <= (_vector_spacing << 0x5))), function at exception vector 6 too large)

.vector_7       0x9fc012e0        0x8
 *(.vector_7)
 .vector_7      0x9fc012e0        0x8 c:/program files (x86)/microchip/xc32/v1.42/bin/bin/../../lib/gcc/pic32mx/4.8.3/../../../../pic32mx/lib\libpic32.a(vector7.o)
                0x9fc012e0                __vector_dispatch_7
                0x00000001                ASSERT (((_vector_spacing == 0x0) || (SIZEOF (.vector_7) <= (_vector_spacing << 0x5))), function at exception vector 7 too large)

.vector_8       0x9fc01300       0x10
 *(.vector_8)
 .vector_8      0x9fc01300       0x10 build/default/production/_ext/1688732426/system_interrupt_a.o
                0x9fc01300                __vector_dispatch_8
                0x00000001                ASSERT (((_vector_spacing == 0x0) || (SIZEOF (.vector_8) <= (_vector_spacing << 0x5))), function at exception vector 8 too large)

.vector_9       0x9fc01320        0x8
 *(.vector_9)
 .vector_9      0x9fc01320        0x8 c:/program files (x86)/microchip/xc32/v1.42/bin/bin/../../lib/gcc/pic32mx/4.8.3/../../../../pic32mx/lib\libpic32.a(vector9.o)
                0x9fc01320                __vector_dispatch_9
                0x00000001                ASSERT (((_vector_spacing == 0x0) || (SIZEOF (.vector_9) <= (_vector_spacing << 0x5))), function at exception vector 9 too large)

.vector_10      0x9fc01340        0x8
 *(.vector_10)
 .vector_10     0x9fc01340        0x8 c:/program files (x86)/microchip/xc32/v1.42/bin/bin/../../lib/gcc/pic32mx/4.8.3/../../../../pic32mx/lib\libpic32.a(vector10.o)
                0x9fc01340                __vector_dispatch_10
                0x00000001                ASSERT (((_vector_spacing == 0x0) || (SIZEOF (.vector_10) <= (_vector_spacing << 0x5))), function at exception vector 10 too large)

.vector_11      0x9fc01360        0x8
 *(.vector_11)
 .vector_11     0x9fc01360        0x8 c:/program files (x86)/microchip/xc32/v1.42/bin/bin/../../lib/gcc/pic32mx/4.8.3/../../../../pic32mx/lib\libpic32.a(vector11.o)
                0x9fc01360                __vector_dispatch_11
                0x00000001                ASSERT (((_vector_spacing == 0x0) || (SIZEOF (.vector_11) <= (_vector_spacing << 0x5))), function at exception vector 11 too large)

.vector_12      0x9fc01380        0x8
 *(.vector_12)
 .vector_12     0x9fc01380        0x8 c:/program files (x86)/microchip/xc32/v1.42/bin/bin/../../lib/gcc/pic32mx/4.8.3/../../../../pic32mx/lib\libpic32.a(vector12.o)
                0x9fc01380                __vector_dispatch_12
                0x00000001                ASSERT (((_vector_spacing == 0x0) || (SIZEOF (.vector_12) <= (_vector_spacing << 0x5))), function at exception vector 12 too large)

.vector_13      0x9fc013a0        0x8
 *(.vector_13)
 .vector_13     0x9fc013a0        0x8 c:/program files (x86)/microchip/xc32/v1.42/bin/bin/../../lib/gcc/pic32mx/4.8.3/../../../../pic32mx/lib\libpic32.a(vector13.o)
                0x9fc013a0                __vector_dispatch_13
                0x00000001                ASSERT (((_vector_spacing == 0x0) || (SIZEOF (.vector_13) <= (_vector_spacing << 0x5))), function at exception vector 13 too large)

.vector_14      0x9fc013c0        0x8
 *(.vector_14)
 .vector_14     0x9fc013c0        0x8 c:/program files (x86)/microchip/xc32/v1.42/bin/bin/../../lib/gcc/pic32mx/4.8.3/../../../../pic32mx/lib\libpic32.a(vector14.o)
                0x9fc013c0                __vector_dispatch_14
                0x00000001                ASSERT (((_vector_spacing == 0x0) || (SIZEOF (.vector_14) <= (_vector_spacing << 0x5))), function at exception vector 14 too large)

.vector_15      0x9fc013e0        0x8
 *(.vector_15)
 .vector_15     0x9fc013e0        0x8 c:/program files (x86)/microchip/xc32/v1.42/bin/bin/../../lib/gcc/pic32mx/4.8.3/../../../../pic32mx/lib\libpic32.a(vector15.o)
                0x9fc013e0                __vector_dispatch_15
                0x00000001                ASSERT (((_vector_spacing == 0x0) || (SIZEOF (.vector_15) <= (_vector_spacing << 0x5))), function at exception vector 15 too large)

.vector_16      0x9fc01400        0x8
 *(.vector_16)
 .vector_16     0x9fc01400        0x8 c:/program files (x86)/microchip/xc32/v1.42/bin/bin/../../lib/gcc/pic32mx/4.8.3/../../../../pic32mx/lib\libpic32.a(vector16.o)
                0x9fc01400                __vector_dispatch_16
                0x00000001                ASSERT (((_vector_spacing == 0x0) || (SIZEOF (.vector_16) <= (_vector_spacing << 0x5))), function at exception vector 16 too large)

.vector_17      0x9fc01420        0x8
 *(.vector_17)
 .vector_17     0x9fc01420        0x8 c:/program files (x86)/microchip/xc32/v1.42/bin/bin/../../lib/gcc/pic32mx/4.8.3/../../../../pic32mx/lib\libpic32.a(vector17.o)
                0x9fc01420                __vector_dispatch_17
                0x00000001                ASSERT (((_vector_spacing == 0x0) || (SIZEOF (.vector_17) <= (_vector_spacing << 0x5))), function at exception vector 17 too large)

.vector_18      0x9fc01440        0x8
 *(.vector_18)
 .vector_18     0x9fc01440        0x8 c:/program files (x86)/microchip/xc32/v1.42/bin/bin/../../lib/gcc/pic32mx/4.8.3/../../../../pic32mx/lib\libpic32.a(vector18.o)
                0x9fc01440                __vector_dispatch_18
                0x00000001                ASSERT (((_vector_spacing == 0x0) || (SIZEOF (.vector_18) <= (_vector_spacing << 0x5))), function at exception vector 18 too large)

.vector_19      0x9fc01460        0x8
 *(.vector_19)
 .vector_19     0x9fc01460        0x8 c:/program files (x86)/microchip/xc32/v1.42/bin/bin/../../lib/gcc/pic32mx/4.8.3/../../../../pic32mx/lib\libpic32.a(vector19.o)
                0x9fc01460                __vector_dispatch_19
                0x00000001                ASSERT (((_vector_spacing == 0x0) || (SIZEOF (.vector_19) <= (_vector_spacing << 0x5))), function at exception vector 19 too large)

.vector_20      0x9fc01480        0x8
 *(.vector_20)
 .vector_20     0x9fc01480        0x8 c:/program files (x86)/microchip/xc32/v1.42/bin/bin/../../lib/gcc/pic32mx/4.8.3/../../../../pic32mx/lib\libpic32.a(vector20.o)
                0x9fc01480                __vector_dispatch_20
                0x00000001                ASSERT (((_vector_spacing == 0x0) || (SIZEOF (.vector_20) <= (_vector_spacing << 0x5))), function at exception vector 20 too large)

.vector_21      0x9fc014a0        0x8
 *(.vector_21)
 .vector_21     0x9fc014a0        0x8 c:/program files (x86)/microchip/xc32/v1.42/bin/bin/../../lib/gcc/pic32mx/4.8.3/../../../../pic32mx/lib\libpic32.a(vector21.o)
                0x9fc014a0                __vector_dispatch_21
                0x00000001                ASSERT (((_vector_spacing == 0x0) || (SIZEOF (.vector_21) <= (_vector_spacing << 0x5))), function at exception vector 21 too large)

.vector_22      0x9fc014c0        0x8
 *(.vector_22)
 .vector_22     0x9fc014c0        0x8 c:/program files (x86)/microchip/xc32/v1.42/bin/bin/../../lib/gcc/pic32mx/4.8.3/../../../../pic32mx/lib\libpic32.a(vector22.o)
                0x9fc014c0                __vector_dispatch_22
                0x00000001                ASSERT (((_vector_spacing == 0x0) || (SIZEOF (.vector_22) <= (_vector_spacing << 0x5))), function at exception vector 22 too large)

.vector_23      0x9fc014e0        0x8
 *(.vector_23)
 .vector_23     0x9fc014e0        0x8 c:/program files (x86)/microchip/xc32/v1.42/bin/bin/../../lib/gcc/pic32mx/4.8.3/../../../../pic32mx/lib\libpic32.a(vector23.o)
                0x9fc014e0                __vector_dispatch_23
                0x00000001                ASSERT (((_vector_spacing == 0x0) || (SIZEOF (.vector_23) <= (_vector_spacing << 0x5))), function at exception vector 23 too large)

.vector_24      0x9fc01500        0x8
 *(.vector_24)
 .vector_24     0x9fc01500        0x8 c:/program files (x86)/microchip/xc32/v1.42/bin/bin/../../lib/gcc/pic32mx/4.8.3/../../../../pic32mx/lib\libpic32.a(vector24.o)
                0x9fc01500                __vector_dispatch_24
                0x00000001                ASSERT (((_vector_spacing == 0x0) || (SIZEOF (.vector_24) <= (_vector_spacing << 0x5))), function at exception vector 24 too large)

.vector_25      0x9fc01520        0x8
 *(.vector_25)
 .vector_25     0x9fc01520        0x8 c:/program files (x86)/microchip/xc32/v1.42/bin/bin/../../lib/gcc/pic32mx/4.8.3/../../../../pic32mx/lib\libpic32.a(vector25.o)
                0x9fc01520                __vector_dispatch_25
                0x00000001                ASSERT (((_vector_spacing == 0x0) || (SIZEOF (.vector_25) <= (_vector_spacing << 0x5))), function at exception vector 25 too large)

.vector_26      0x9fc01540        0x8
 *(.vector_26)
 .vector_26     0x9fc01540        0x8 c:/program files (x86)/microchip/xc32/v1.42/bin/bin/../../lib/gcc/pic32mx/4.8.3/../../../../pic32mx/lib\libpic32.a(vector26.o)
                0x9fc01540                __vector_dispatch_26
                0x00000001                ASSERT (((_vector_spacing == 0x0) || (SIZEOF (.vector_26) <= (_vector_spacing << 0x5))), function at exception vector 26 too large)

.vector_27      0x9fc01560       0x10
 *(.vector_27)
 .vector_27     0x9fc01560       0x10 build/default/production/_ext/1688732426/system_interrupt_a.o
                0x9fc01560                __vector_dispatch_27
                0x00000001                ASSERT (((_vector_spacing == 0x0) || (SIZEOF (.vector_27) <= (_vector_spacing << 0x5))), function at exception vector 27 too large)

.vector_28      0x9fc01580        0x8
 *(.vector_28)
 .vector_28     0x9fc01580        0x8 c:/program files (x86)/microchip/xc32/v1.42/bin/bin/../../lib/gcc/pic32mx/4.8.3/../../../../pic32mx/lib\libpic32.a(vector28.o)
                0x9fc01580                __vector_dispatch_28
                0x00000001                ASSERT (((_vector_spacing == 0x0) || (SIZEOF (.vector_28) <= (_vector_spacing << 0x5))), function at exception vector 28 too large)

.vector_29      0x9fc015a0        0x8
 *(.vector_29)
 .vector_29     0x9fc015a0        0x8 c:/program files (x86)/microchip/xc32/v1.42/bin/bin/../../lib/gcc/pic32mx/4.8.3/../../../../pic32mx/lib\libpic32.a(vector29.o)
                0x9fc015a0                __vector_dispatch_29
                0x00000001                ASSERT (((_vector_spacing == 0x0) || (SIZEOF (.vector_29) <= (_vector_spacing << 0x5))), function at exception vector 29 too large)

.vector_30      0x9fc015c0        0x8
 *(.vector_30)
 .vector_30     0x9fc015c0        0x8 c:/program files (x86)/microchip/xc32/v1.42/bin/bin/../../lib/gcc/pic32mx/4.8.3/../../../../pic32mx/lib\libpic32.a(vector30.o)
                0x9fc015c0                __vector_dispatch_30
                0x00000001                ASSERT (((_vector_spacing == 0x0) || (SIZEOF (.vector_30) <= (_vector_spacing << 0x5))), function at exception vector 30 too large)

.vector_31      0x9fc015e0        0x8
 *(.vector_31)
 .vector_31     0x9fc015e0        0x8 c:/program files (x86)/microchip/xc32/v1.42/bin/bin/../../lib/gcc/pic32mx/4.8.3/../../../../pic32mx/lib\libpic32.a(vector31.o)
                0x9fc015e0                __vector_dispatch_31
                0x00000001                ASSERT (((_vector_spacing == 0x0) || (SIZEOF (.vector_31) <= (_vector_spacing << 0x5))), function at exception vector 31 too large)

.vector_32      0x9fc01600        0x8
 *(.vector_32)
 .vector_32     0x9fc01600        0x8 c:/program files (x86)/microchip/xc32/v1.42/bin/bin/../../lib/gcc/pic32mx/4.8.3/../../../../pic32mx/lib\libpic32.a(vector32.o)
                0x9fc01600                __vector_dispatch_32
                0x00000001                ASSERT (((_vector_spacing == 0x0) || (SIZEOF (.vector_32) <= (_vector_spacing << 0x5))), function at exception vector 32 too large)

.vector_33      0x9fc01620        0x8
 *(.vector_33)
 .vector_33     0x9fc01620        0x8 c:/program files (x86)/microchip/xc32/v1.42/bin/bin/../../lib/gcc/pic32mx/4.8.3/../../../../pic32mx/lib\libpic32.a(vector33.o)
                0x9fc01620                __vector_dispatch_33
                0x00000001                ASSERT (((_vector_spacing == 0x0) || (SIZEOF (.vector_33) <= (_vector_spacing << 0x5))), function at exception vector 33 too large)

.vector_34      0x9fc01640        0x8
 *(.vector_34)
 .vector_34     0x9fc01640        0x8 c:/program files (x86)/microchip/xc32/v1.42/bin/bin/../../lib/gcc/pic32mx/4.8.3/../../../../pic32mx/lib\libpic32.a(vector34.o)
                0x9fc01640                __vector_dispatch_34
                0x00000001                ASSERT (((_vector_spacing == 0x0) || (SIZEOF (.vector_34) <= (_vector_spacing << 0x5))), function at exception vector 34 too large)

.vector_35      0x9fc01660        0x8
 *(.vector_35)
 .vector_35     0x9fc01660        0x8 c:/program files (x86)/microchip/xc32/v1.42/bin/bin/../../lib/gcc/pic32mx/4.8.3/../../../../pic32mx/lib\libpic32.a(vector35.o)
                0x9fc01660                __vector_dispatch_35
                0x00000001                ASSERT (((_vector_spacing == 0x0) || (SIZEOF (.vector_35) <= (_vector_spacing << 0x5))), function at exception vector 35 too large)

.vector_36      0x9fc01680        0x8
 *(.vector_36)
 .vector_36     0x9fc01680        0x8 c:/program files (x86)/microchip/xc32/v1.42/bin/bin/../../lib/gcc/pic32mx/4.8.3/../../../../pic32mx/lib\libpic32.a(vector36.o)
                0x9fc01680                __vector_dispatch_36
                0x00000001                ASSERT (((_vector_spacing == 0x0) || (SIZEOF (.vector_36) <= (_vector_spacing << 0x5))), function at exception vector 36 too large)

.vector_37      0x9fc016a0        0x8
 *(.vector_37)
 .vector_37     0x9fc016a0        0x8 c:/program files (x86)/microchip/xc32/v1.42/bin/bin/../../lib/gcc/pic32mx/4.8.3/../../../../pic32mx/lib\libpic32.a(vector37.o)
                0x9fc016a0                __vector_dispatch_37
                0x00000001                ASSERT (((_vector_spacing == 0x0) || (SIZEOF (.vector_37) <= (_vector_spacing << 0x5))), function at exception vector 37 too large)

.vector_38      0x9fc016c0        0x8
 *(.vector_38)
 .vector_38     0x9fc016c0        0x8 c:/program files (x86)/microchip/xc32/v1.42/bin/bin/../../lib/gcc/pic32mx/4.8.3/../../../../pic32mx/lib\libpic32.a(vector38.o)
                0x9fc016c0                __vector_dispatch_38
                0x00000001                ASSERT (((_vector_spacing == 0x0) || (SIZEOF (.vector_38) <= (_vector_spacing << 0x5))), function at exception vector 38 too large)

.vector_39      0x9fc016e0        0x8
 *(.vector_39)
 .vector_39     0x9fc016e0        0x8 c:/program files (x86)/microchip/xc32/v1.42/bin/bin/../../lib/gcc/pic32mx/4.8.3/../../../../pic32mx/lib\libpic32.a(vector39.o)
                0x9fc016e0                __vector_dispatch_39
                0x00000001                ASSERT (((_vector_spacing == 0x0) || (SIZEOF (.vector_39) <= (_vector_spacing << 0x5))), function at exception vector 39 too large)

.vector_40      0x9fc01700        0x8
 *(.vector_40)
 .vector_40     0x9fc01700        0x8 c:/program files (x86)/microchip/xc32/v1.42/bin/bin/../../lib/gcc/pic32mx/4.8.3/../../../../pic32mx/lib\libpic32.a(vector40.o)
                0x9fc01700                __vector_dispatch_40
                0x00000001                ASSERT (((_vector_spacing == 0x0) || (SIZEOF (.vector_40) <= (_vector_spacing << 0x5))), function at exception vector 40 too large)

.vector_41      0x9fc01720        0x8
 *(.vector_41)
 .vector_41     0x9fc01720        0x8 c:/program files (x86)/microchip/xc32/v1.42/bin/bin/../../lib/gcc/pic32mx/4.8.3/../../../../pic32mx/lib\libpic32.a(vector41.o)
                0x9fc01720                __vector_dispatch_41
                0x00000001                ASSERT (((_vector_spacing == 0x0) || (SIZEOF (.vector_41) <= (_vector_spacing << 0x5))), function at exception vector 41 too large)

.vector_42      0x9fc01740        0x8
 *(.vector_42)
 .vector_42     0x9fc01740        0x8 c:/program files (x86)/microchip/xc32/v1.42/bin/bin/../../lib/gcc/pic32mx/4.8.3/../../../../pic32mx/lib\libpic32.a(vector42.o)
                0x9fc01740                __vector_dispatch_42
                0x00000001                ASSERT (((_vector_spacing == 0x0) || (SIZEOF (.vector_42) <= (_vector_spacing << 0x5))), function at exception vector 42 too large)

.vector_43      0x9fc01760        0x8
 *(.vector_43)
 .vector_43     0x9fc01760        0x8 c:/program files (x86)/microchip/xc32/v1.42/bin/bin/../../lib/gcc/pic32mx/4.8.3/../../../../pic32mx/lib\libpic32.a(vector43.o)
                0x9fc01760                __vector_dispatch_43
                0x00000001                ASSERT (((_vector_spacing == 0x0) || (SIZEOF (.vector_43) <= (_vector_spacing << 0x5))), function at exception vector 43 too large)

.vector_44      0x9fc01780        0x8
 *(.vector_44)
 .vector_44     0x9fc01780        0x8 c:/program files (x86)/microchip/xc32/v1.42/bin/bin/../../lib/gcc/pic32mx/4.8.3/../../../../pic32mx/lib\libpic32.a(vector44.o)
                0x9fc01780                __vector_dispatch_44
                0x00000001                ASSERT (((_vector_spacing == 0x0) || (SIZEOF (.vector_44) <= (_vector_spacing << 0x5))), function at exception vector 44 too large)

.vector_45      0x9fc017a0        0x8
 *(.vector_45)
 .vector_45     0x9fc017a0        0x8 c:/program files (x86)/microchip/xc32/v1.42/bin/bin/../../lib/gcc/pic32mx/4.8.3/../../../../pic32mx/lib\libpic32.a(vector45.o)
                0x9fc017a0                __vector_dispatch_45
                0x00000001                ASSERT (((_vector_spacing == 0x0) || (SIZEOF (.vector_45) <= (_vector_spacing << 0x5))), function at exception vector 45 too large)

.vector_46      0x9fc017c0        0x8
 *(.vector_46)
 .vector_46     0x9fc017c0        0x8 c:/program files (x86)/microchip/xc32/v1.42/bin/bin/../../lib/gcc/pic32mx/4.8.3/../../../../pic32mx/lib\libpic32.a(vector46.o)
                0x9fc017c0                __vector_dispatch_46
                0x00000001                ASSERT (((_vector_spacing == 0x0) || (SIZEOF (.vector_46) <= (_vector_spacing << 0x5))), function at exception vector 46 too large)

.vector_47      0x9fc017e0        0x8
 *(.vector_47)
 .vector_47     0x9fc017e0        0x8 c:/program files (x86)/microchip/xc32/v1.42/bin/bin/../../lib/gcc/pic32mx/4.8.3/../../../../pic32mx/lib\libpic32.a(vector47.o)
                0x9fc017e0                __vector_dispatch_47
                0x00000001                ASSERT (((_vector_spacing == 0x0) || (SIZEOF (.vector_47) <= (_vector_spacing << 0x5))), function at exception vector 47 too large)

.vector_48      0x9fc01800        0x8
 *(.vector_48)
 .vector_48     0x9fc01800        0x8 c:/program files (x86)/microchip/xc32/v1.42/bin/bin/../../lib/gcc/pic32mx/4.8.3/../../../../pic32mx/lib\libpic32.a(vector48.o)
                0x9fc01800                __vector_dispatch_48
                0x00000001                ASSERT (((_vector_spacing == 0x0) || (SIZEOF (.vector_48) <= (_vector_spacing << 0x5))), function at exception vector 48 too large)

.vector_49      0x9fc01820        0x8
 *(.vector_49)
 .vector_49     0x9fc01820        0x8 c:/program files (x86)/microchip/xc32/v1.42/bin/bin/../../lib/gcc/pic32mx/4.8.3/../../../../pic32mx/lib\libpic32.a(vector49.o)
                0x9fc01820                __vector_dispatch_49
                0x00000001                ASSERT (((_vector_spacing == 0x0) || (SIZEOF (.vector_49) <= (_vector_spacing << 0x5))), function at exception vector 49 too large)

.vector_50      0x9fc01840        0x8
 *(.vector_50)
 .vector_50     0x9fc01840        0x8 c:/program files (x86)/microchip/xc32/v1.42/bin/bin/../../lib/gcc/pic32mx/4.8.3/../../../../pic32mx/lib\libpic32.a(vector50.o)
                0x9fc01840                __vector_dispatch_50
                0x00000001                ASSERT (((_vector_spacing == 0x0) || (SIZEOF (.vector_50) <= (_vector_spacing << 0x5))), function at exception vector 50 too large)

.vector_51      0x9fc01860        0x8
 *(.vector_51)
 .vector_51     0x9fc01860        0x8 c:/program files (x86)/microchip/xc32/v1.42/bin/bin/../../lib/gcc/pic32mx/4.8.3/../../../../pic32mx/lib\libpic32.a(vector51.o)
                0x9fc01860                __vector_dispatch_51
                0x00000001                ASSERT (((_vector_spacing == 0x0) || (SIZEOF (.vector_51) <= (_vector_spacing << 0x5))), function at exception vector 51 too large)

.vector_52      0x9fc01880        0x0
 *(.vector_52)
                0x00000001                ASSERT (((_vector_spacing == 0x0) || (SIZEOF (.vector_52) <= (_vector_spacing << 0x5))), function at exception vector 52 too large)

.vector_53      0x9fc018a0        0x0
 *(.vector_53)
                0x00000001                ASSERT (((_vector_spacing == 0x0) || (SIZEOF (.vector_53) <= (_vector_spacing << 0x5))), function at exception vector 53 too large)

.vector_54      0x9fc018c0        0x0
 *(.vector_54)
                0x00000001                ASSERT (((_vector_spacing == 0x0) || (SIZEOF (.vector_54) <= (_vector_spacing << 0x5))), function at exception vector 54 too large)

.vector_55      0x9fc018e0        0x0
 *(.vector_55)
                0x00000001                ASSERT (((_vector_spacing == 0x0) || (SIZEOF (.vector_55) <= (_vector_spacing << 0x5))), function at exception vector 55 too large)

.vector_56      0x9fc01900        0x0
 *(.vector_56)
                0x00000001                ASSERT (((_vector_spacing == 0x0) || (SIZEOF (.vector_56) <= (_vector_spacing << 0x5))), function at exception vector 56 too large)

.vector_57      0x9fc01920        0x0
 *(.vector_57)
                0x00000001                ASSERT (((_vector_spacing == 0x0) || (SIZEOF (.vector_57) <= (_vector_spacing << 0x5))), function at exception vector 57 too large)

.vector_58      0x9fc01940        0x0
 *(.vector_58)
                0x00000001                ASSERT (((_vector_spacing == 0x0) || (SIZEOF (.vector_58) <= (_vector_spacing << 0x5))), function at exception vector 58 too large)

.vector_59      0x9fc01960        0x0
 *(.vector_59)
                0x00000001                ASSERT (((_vector_spacing == 0x0) || (SIZEOF (.vector_59) <= (_vector_spacing << 0x5))), function at exception vector 59 too large)

.vector_60      0x9fc01980        0x0
 *(.vector_60)
                0x00000001                ASSERT (((_vector_spacing == 0x0) || (SIZEOF (.vector_60) <= (_vector_spacing << 0x5))), function at exception vector 60 too large)

.vector_61      0x9fc019a0        0x0
 *(.vector_61)
                0x00000001                ASSERT (((_vector_spacing == 0x0) || (SIZEOF (.vector_61) <= (_vector_spacing << 0x5))), function at exception vector 61 too large)

.vector_62      0x9fc019c0        0x0
 *(.vector_62)
                0x00000001                ASSERT (((_vector_spacing == 0x0) || (SIZEOF (.vector_62) <= (_vector_spacing << 0x5))), function at exception vector 62 too large)

.vector_63      0x9fc019e0        0x0
 *(.vector_63)
                0x00000001                ASSERT (((_vector_spacing == 0x0) || (SIZEOF (.vector_63) <= (_vector_spacing << 0x5))), function at exception vector 63 too large)

.startup
 *(.startup)

.text           0x9d000000        0x0
 *(.stub .gnu.linkonce.t.*)
 *(.text.*personality*)
 *(.mips16.fn.*)
 *(.mips16.call.*)
 *(.gnu.warning)
                0x9d000000                . = ALIGN (0x4)

.init           0x9d000000        0x0
 *crti.o(.init)
 *crtbegin.o(.init)
 *(EXCLUDE_FILE(*crtn.o *crtend?.o *crtend.o) .init)
 *crtend.o(.init)
 *crtn.o(.init)
                0x9d000000                . = ALIGN (0x4)

.fini           0x9d000000        0x0
 *(.fini)
                0x9d000000                . = ALIGN (0x4)

.preinit_array  0x9d000000        0x0
                0x9d000000                PROVIDE (__preinit_array_start, .)
 *(.preinit_array)
                0x9d000000                PROVIDE (__preinit_array_end, .)
                0x9d000000                . = ALIGN (0x4)

.init_array     0x9d000000        0x0
                0x9d000000                PROVIDE (__init_array_start, .)
 *(SORT(.init_array.*))
 *(.init_array)
                0x9d000000                PROVIDE (__init_array_end, .)
                0x9d000000                . = ALIGN (0x4)

.fini_array     0x9d000000        0x0
                0x9d000000                PROVIDE (__fini_array_start, .)
 *(SORT(.fini_array.*))
 *(.fini_array)
                0x9d000000                PROVIDE (__fini_array_end, .)
                0x9d000000                . = ALIGN (0x4)

.ctors          0x9d000000        0x0
 *crtbegin.o(.ctors)
 *crtbegin?.o(.ctors)
 *(EXCLUDE_FILE(*crtend?.o *crtend.o) .ctors)
 *(SORT(.ctors.*))
 *(.ctors)
                0x9d000000                . = ALIGN (0x4)

.dtors          0x9d000000        0x0
 *crtbegin.o(.dtors)
 *crtbegin?.o(.dtors)
 *(EXCLUDE_FILE(*crtend?.o *crtend.o) .dtors)
 *(SORT(.dtors.*))
 *(.dtors)
                0x9d000000                . = ALIGN (0x4)

.rodata         0x9d000000        0x0
 *(.gnu.linkonce.r.*)
 *(.rodata1)
                0x9d000000                . = ALIGN (0x4)

.sdata2         0x9fc00490        0x0
 *(.sdata2 .sdata2.* .gnu.linkonce.s2.*)
                0x9fc00490                . = ALIGN (0x4)

.sbss2          0x9fc00490        0x0
 *(.sbss2 .sbss2.* .gnu.linkonce.sb2.*)
                0x9fc00490                . = ALIGN (0x4)

.eh_frame_hdr
 *(.eh_frame_hdr)
                0x9fc00490                . = ALIGN (0x4)

.eh_frame
 *(.eh_frame)
                0x9fc00490                . = ALIGN (0x4)

.gcc_except_table
 *(.gcc_except_table .gcc_except_table.*)
                0x9fc00490                . = ALIGN (0x4)

.dbg_data       0xa0000000        0x0
                0xa0000000                . = (. + DEFINED (_DEBUGGER)?0x200:0x0)

.jcr            0xa0000000        0x0
 *(.jcr)
                0xa0000000                . = ALIGN (0x4)

.eh_frame
 *(.eh_frame)
                0xa0000000                . = ALIGN (0x4)

.gcc_except_table
 *(.gcc_except_table .gcc_except_table.*)
                0xa0000000                . = ALIGN (0x4)

.persist        0xa0000000        0x0
                0xa0000000                _persist_begin = .
 *(.persist .persist.*)
 *(.pbss .pbss.*)
                0xa0000000                . = ALIGN (0x4)
                0xa0000000                _persist_end = .

.data           0xa0000000        0x0
 *(.gnu.linkonce.d.*)
 *(.data1)
                0xa0000000                . = ALIGN (0x4)
                0xa0000000                . = .
                0xa0007ff0                _gp = (ALIGN (0x10) + 0x7ff0)

.got            0xa0000000        0x0
 *(.got.plt)
 *(.got)
                0xa0000000                . = ALIGN (0x4)

.sdata          0xa0000000        0x4
                0xa0000000                _sdata_begin = .
 *(.sdata .sdata.* .gnu.linkonce.s.*)
 .sdata         0xa0000000        0x4 build/default/production/_ext/12131622/port.o
                0xa0000000                uxInterruptNesting
                0xa0000004                . = ALIGN (0x4)
                0xa0000004                _sdata_end = .

.lit8
 *(.lit8)

.lit4
 *(.lit4)
                0xa0000004                . = ALIGN (0x4)
                0xa0000004                _data_end = .
                0xa0000004                _bss_begin = .

.sbss           0xa0000004       0x70
                0xa0000004                _sbss_begin = .
 *(.dynsbss)
 *(.sbss .sbss.* .gnu.linkonce.sb.*)
 .sbss          0xa0000004       0x3c build/default/production/_ext/1128951024/tasks.o
                0xa000003c                pxCurrentTCB
 .sbss          0xa0000040        0x8 build/default/production/_ext/1856876499/heap_1.o
 .sbss          0xa0000048        0x4 build/default/production/_ext/12131622/port.o
                0xa0000048                uxSavedTaskStackPointer
 .sbss          0xa000004c        0x1 build/default/production/_ext/1407244131/drv_tmr_static.o
 *fill*         0xa000004d        0x3 
 .sbss          0xa0000050        0xc build/default/production/_ext/1688732426/system_exceptions.o
 *(.scommon)
 .scommon       0xa000005c        0x8 build/default/production/_ext/327000265/drv_usart_static.o
                0xa000005c                gDrvUSART0Obj
 .scommon       0xa0000064        0x8 build/default/production/_ext/340578644/sys_devcon.o
                0xa0000064                sysDevconObj
 .scommon       0xa000006c        0x8 build/default/production/_ext/1688732426/system_init.o
                0xa000006c                sysObj
                0xa0000074                _sbss_end = .
                0xa0000074                . = ALIGN (0x4)

.bss            0xa0000074        0xc
 *(.dynbss)
 *(COMMON)
 COMMON         0xa0000074        0xc build/default/production/_ext/1360937237/app.o
                0xa0000074                appData
                0xa0000080                . = ALIGN ((. != 0x0)?0x4:0x1)
                0xa0000080                . = ALIGN (0x4)
                0xa0000080                _end = .
                0xa0000080                _bss_end = .
                0x00020000                _bmxdudba_address = 0x20000
                0x00020000                _bmxdupba_address = 0x20000

/DISCARD/
 *(.pdr)
 *(.rel.dyn)
 *(.note.GNU-stack)
 *(.note.GNU-stack)
 *(.gnu_debuglink)
 *(.gnu.lto_*)
 *(.discard)

.gptab.sdata
 *(.gptab.data)
 *(.gptab.sdata)

.gptab.sbss
 *(.gptab.bss)
 *(.gptab.sbss)

.mdebug.abi32   0xa0000080        0x0
 *(.mdebug.abi32)
 .mdebug.abi32  0xa0000080        0x0 build/default/production/_ext/1360937237/app.o
 .mdebug.abi32  0xa0000080        0x0 build/default/production/_ext/1360937237/main.o
 .mdebug.abi32  0xa0000080        0x0 build/default/production/_ext/24337685/osal_freertos.o
 .mdebug.abi32  0xa0000080        0x0 build/default/production/_ext/122796885/sys_int_pic32.o
 .mdebug.abi32  0xa0000080        0x0 build/default/production/_ext/1128951024/croutine.o
 .mdebug.abi32  0xa0000080        0x0 build/default/production/_ext/1128951024/list.o
 .mdebug.abi32  0xa0000080        0x0 build/default/production/_ext/1128951024/queue.o
 .mdebug.abi32  0xa0000080        0x0 build/default/production/_ext/1128951024/tasks.o
 .mdebug.abi32  0xa0000080        0x0 build/default/production/_ext/1128951024/timers.o
 .mdebug.abi32  0xa0000080        0x0 build/default/production/_ext/1128951024/event_groups.o
 .mdebug.abi32  0xa0000080        0x0 build/default/production/_ext/1856876499/heap_1.o
 .mdebug.abi32  0xa0000080        0x0 build/default/production/_ext/12131622/port.o
 .mdebug.abi32  0xa0000080        0x0 build/default/production/_ext/1361460060/drv_adc_static.o
 .mdebug.abi32  0xa0000080        0x0 build/default/production/_ext/1407244131/drv_tmr_static.o
 .mdebug.abi32  0xa0000080        0x0 build/default/production/_ext/1407244131/drv_tmr_mapping.o
 .mdebug.abi32  0xa0000080        0x0 build/default/production/_ext/327000265/drv_usart_mapping.o
 .mdebug.abi32  0xa0000080        0x0 build/default/production/_ext/327000265/drv_usart_static.o
 .mdebug.abi32  0xa0000080        0x0 build/default/production/_ext/327000265/drv_usart_static_byte_model.o
 .mdebug.abi32  0xa0000080        0x0 build/default/production/_ext/639803181/sys_clk_pic32mx.o
 .mdebug.abi32  0xa0000080        0x0 build/default/production/_ext/340578644/sys_devcon.o
 .mdebug.abi32  0xa0000080        0x0 build/default/production/_ext/340578644/sys_devcon_pic32mx.o
 .mdebug.abi32  0xa0000080        0x0 build/default/production/_ext/822048611/sys_ports_static.o
 .mdebug.abi32  0xa0000080        0x0 build/default/production/_ext/1688732426/system_init.o
 .mdebug.abi32  0xa0000080        0x0 build/default/production/_ext/1688732426/system_interrupt.o
 .mdebug.abi32  0xa0000080        0x0 build/default/production/_ext/1688732426/system_exceptions.o
 .mdebug.abi32  0xa0000080        0x0 build/default/production/_ext/1688732426/system_tasks.o
 .mdebug.abi32  0xa0000080        0x0 build/default/production/_ext/1688732426/rtos_hooks.o
 .mdebug.abi32  0xa0000080        0x0 c:/program files (x86)/microchip/xc32/v1.42/bin/bin/../../lib/gcc/pic32mx/4.8.3/../../../../pic32mx/lib\libpic32.a(default-bootstrap-exception-handler.o)
 .mdebug.abi32  0xa0000080        0x0 c:/program files (x86)/microchip/xc32/v1.42/bin/bin/../../lib/gcc/pic32mx/4.8.3/../../../../pic32mx/lib\libpic32.a(default-on-reset.o)
 .mdebug.abi32  0xa0000080        0x0 c:/program files (x86)/microchip/xc32/v1.42/bin/bin/../../lib/gcc/pic32mx/4.8.3/../../../../pic32mx/lib\libpic32.a(default-on-bootstrap.o)
 .mdebug.abi32  0xa0000080        0x0 c:/program files (x86)/microchip/xc32/v1.42/bin/bin/../../lib/gcc/pic32mx/4.8.3/../../../../pic32mx/lib\libpic32.a(defaultinterrupt.o)

.mdebug.abiN32
 *(.mdebug.abiN32)

.mdebug.abi64
 *(.mdebug.abi64)

.mdebug.abiO64
 *(.mdebug.abiO64)

.mdebug.eabi32
 *(.mdebug.eabi32)

.mdebug.eabi64
 *(.mdebug.eabi64)

.gcc_compiled_long32
 *(.gcc_compiled_long32)

.gcc_compiled_long64
 *(.gcc_compiled_long64)

.stab
 *(.stab)

.stabstr
 *(.stabstr)

.stab.excl
 *(.stab.excl)

.stab.exclstr
 *(.stab.exclstr)

.stab.index
 *(.stab.index)

.stab.indexstr
 *(.stab.indexstr)

.comment        0x00000000       0x54
 *(.comment)
 .comment       0x00000000       0x3c build/default/production/_ext/1360937237/app.o
                                 0x3d (size before relaxing)
 .comment       0x00000000       0x3d build/default/production/_ext/1360937237/main.o
 .comment       0x00000000       0x3d build/default/production/_ext/24337685/osal_freertos.o
 .comment       0x00000000       0x3d build/default/production/_ext/122796885/sys_int_pic32.o
 .comment       0x00000000       0x3d build/default/production/_ext/1128951024/croutine.o
 .comment       0x00000000       0x3d build/default/production/_ext/1128951024/list.o
 .comment       0x00000000       0x3d build/default/production/_ext/1128951024/queue.o
 .comment       0x00000000       0x3d build/default/production/_ext/1128951024/tasks.o
 .comment       0x00000000       0x3d build/default/production/_ext/1128951024/timers.o
 .comment       0x00000000       0x3d build/default/production/_ext/1128951024/event_groups.o
 .comment       0x00000000       0x3d build/default/production/_ext/1856876499/heap_1.o
 .comment       0x00000000       0x3d build/default/production/_ext/12131622/port.o
 .comment       0x00000000       0x3d build/default/production/_ext/1361460060/drv_adc_static.o
 .comment       0x00000000       0x3d build/default/production/_ext/1407244131/drv_tmr_static.o
 .comment       0x00000000       0x3d build/default/production/_ext/1407244131/drv_tmr_mapping.o
 .comment       0x00000000       0x3d build/default/production/_ext/327000265/drv_usart_mapping.o
 .comment       0x00000000       0x3d build/default/production/_ext/327000265/drv_usart_static.o
 .comment       0x00000000       0x3d build/default/production/_ext/327000265/drv_usart_static_byte_model.o
 .comment       0x00000000       0x3d build/default/production/_ext/639803181/sys_clk_pic32mx.o
 .comment       0x00000000       0x3d build/default/production/_ext/340578644/sys_devcon.o
 .comment       0x00000000       0x3d build/default/production/_ext/340578644/sys_devcon_pic32mx.o
 .comment       0x00000000       0x3d build/default/production/_ext/822048611/sys_ports_static.o
 .comment       0x00000000       0x3d build/default/production/_ext/1688732426/system_init.o
 .comment       0x00000000       0x3d build/default/production/_ext/1688732426/system_interrupt.o
 .comment       0x00000000       0x3d build/default/production/_ext/1688732426/system_exceptions.o
 .comment       0x00000000       0x3d build/default/production/_ext/1688732426/system_tasks.o
 .comment       0x00000000       0x3d build/default/production/_ext/1688732426/rtos_hooks.o
 .comment       0x0000003c       0x18 c:/program files (x86)/microchip/xc32/v1.42/bin/bin/../../lib/gcc/pic32mx/4.8.3/../../../../pic32mx/lib\libpic32.a(memset.o)
                                 0x19 (size before relaxing)
 .comment       0x00000000       0x3d c:/program files (x86)/microchip/xc32/v1.42/bin/bin/../../lib/gcc/pic32mx/4.8.3/../../../../pic32mx/lib\libpic32.a(default-bootstrap-exception-handler.o)
 .comment       0x00000000       0x3d c:/program files (x86)/microchip/xc32/v1.42/bin/bin/../../lib/gcc/pic32mx/4.8.3/../../../../pic32mx/lib\libpic32.a(default-on-reset.o)
 .comment       0x00000000       0x3d c:/program files (x86)/microchip/xc32/v1.42/bin/bin/../../lib/gcc/pic32mx/4.8.3/../../../../pic32mx/lib\libpic32.a(default-on-bootstrap.o)
 .comment       0x00000000       0x3d c:/program files (x86)/microchip/xc32/v1.42/bin/bin/../../lib/gcc/pic32mx/4.8.3/../../../../pic32mx/lib\libpic32.a(defaultinterrupt.o)

.debug
 *(.debug)

.line
 *(.line)

.debug_srcinfo
 *(.debug_srcinfo)

.debug_sfnames
 *(.debug_sfnames)

.debug_aranges  0x00000000      0xbc0
 *(.debug_aranges)
 .debug_aranges
                0x00000000       0x28 build/default/production/_ext/1360937237/app.o
 .debug_aranges
                0x00000028       0x20 build/default/production/_ext/1360937237/main.o
 .debug_aranges
                0x00000048       0x88 build/default/production/_ext/24337685/osal_freertos.o
 .debug_aranges
                0x000000d0       0x48 build/default/production/_ext/122796885/sys_int_pic32.o
 .debug_aranges
                0x00000118       0x18 build/default/production/_ext/1128951024/croutine.o
 .debug_aranges
                0x00000130       0x40 build/default/production/_ext/1128951024/list.o
 .debug_aranges
                0x00000170       0xb0 build/default/production/_ext/1128951024/queue.o
 .debug_aranges
                0x00000220      0x178 build/default/production/_ext/1128951024/tasks.o
 .debug_aranges
                0x00000398       0x18 build/default/production/_ext/1128951024/timers.o
 .debug_aranges
                0x000003b0       0x60 build/default/production/_ext/1128951024/event_groups.o
 .debug_aranges
                0x00000410       0x38 build/default/production/_ext/1856876499/heap_1.o
 .debug_aranges
                0x00000448       0x58 build/default/production/_ext/12131622/port.o
 .debug_aranges
                0x000004a0       0x20 build/default/production/_ext/12131622/port_asm.o
 .debug_aranges
                0x000004c0       0x78 build/default/production/_ext/1361460060/drv_adc_static.o
 .debug_aranges
                0x00000538       0x90 build/default/production/_ext/1407244131/drv_tmr_static.o
 .debug_aranges
                0x000005c8       0xe8 build/default/production/_ext/1407244131/drv_tmr_mapping.o
 .debug_aranges
                0x000006b0       0xb0 build/default/production/_ext/327000265/drv_usart_mapping.o
 .debug_aranges
                0x00000760       0x70 build/default/production/_ext/327000265/drv_usart_static.o
 .debug_aranges
                0x000007d0       0x48 build/default/production/_ext/327000265/drv_usart_static_byte_model.o
 .debug_aranges
                0x00000818       0x50 build/default/production/_ext/639803181/sys_clk_pic32mx.o
 .debug_aranges
                0x00000868       0x78 build/default/production/_ext/340578644/sys_devcon.o
 .debug_aranges
                0x000008e0       0x20 build/default/production/_ext/340578644/sys_devcon_pic32mx.o
 .debug_aranges
                0x00000900      0x148 build/default/production/_ext/822048611/sys_ports_static.o
 .debug_aranges
                0x00000a48       0x20 build/default/production/_ext/1688732426/system_init.o
 .debug_aranges
                0x00000a68       0x28 build/default/production/_ext/1688732426/system_interrupt.o
 .debug_aranges
                0x00000a90       0x20 build/default/production/_ext/1688732426/system_exceptions.o
 .debug_aranges
                0x00000ab0       0x30 build/default/production/_ext/1688732426/system_tasks.o
 .debug_aranges
                0x00000ae0       0x38 build/default/production/_ext/1688732426/system_interrupt_a.o
 .debug_aranges
                0x00000b18       0x28 build/default/production/_ext/1688732426/rtos_hooks.o
 .debug_aranges
                0x00000b40       0x20 c:/program files (x86)/microchip/xc32/v1.42/bin/bin/../../lib/gcc/pic32mx/4.8.3/../../../../pic32mx/lib\libpic32.a(default-bootstrap-exception-handler.o)
 .debug_aranges
                0x00000b60       0x20 c:/program files (x86)/microchip/xc32/v1.42/bin/bin/../../lib/gcc/pic32mx/4.8.3/../../../../pic32mx/lib\libpic32.a(default-on-reset.o)
 .debug_aranges
                0x00000b80       0x20 c:/program files (x86)/microchip/xc32/v1.42/bin/bin/../../lib/gcc/pic32mx/4.8.3/../../../../pic32mx/lib\libpic32.a(default-on-bootstrap.o)
 .debug_aranges
                0x00000ba0       0x20 c:/program files (x86)/microchip/xc32/v1.42/bin/bin/../../lib/gcc/pic32mx/4.8.3/../../../../pic32mx/lib\libpic32.a(defaultinterrupt.o)

.debug_pubnames
 *(.debug_pubnames)

.debug_info     0x00000000    0x2812a
 *(.debug_info .gnu.linkonce.wi.*)
 .debug_info    0x00000000     0x14c7 build/default/production/_ext/1360937237/app.o
 .debug_info    0x000014c7      0x19e build/default/production/_ext/1360937237/main.o
 .debug_info    0x00001665      0xa82 build/default/production/_ext/24337685/osal_freertos.o
 .debug_info    0x000020e7     0x1421 build/default/production/_ext/122796885/sys_int_pic32.o
 .debug_info    0x00003508      0x163 build/default/production/_ext/1128951024/croutine.o
 .debug_info    0x0000366b      0x45f build/default/production/_ext/1128951024/list.o
 .debug_info    0x00003aca     0x1912 build/default/production/_ext/1128951024/queue.o
 .debug_info    0x000053dc     0x2901 build/default/production/_ext/1128951024/tasks.o
 .debug_info    0x00007cdd      0x161 build/default/production/_ext/1128951024/timers.o
 .debug_info    0x00007e3e      0xd36 build/default/production/_ext/1128951024/event_groups.o
 .debug_info    0x00008b74      0x369 build/default/production/_ext/1856876499/heap_1.o
 .debug_info    0x00008edd     0x1192 build/default/production/_ext/12131622/port.o
 .debug_info    0x0000a06f       0xb1 build/default/production/_ext/12131622/port_asm.o
 .debug_info    0x0000a120     0x4223 build/default/production/_ext/1361460060/drv_adc_static.o
 .debug_info    0x0000e343     0x3c78 build/default/production/_ext/1407244131/drv_tmr_static.o
 .debug_info    0x00011fbb     0x17e8 build/default/production/_ext/1407244131/drv_tmr_mapping.o
 .debug_info    0x000137a3     0x1a06 build/default/production/_ext/327000265/drv_usart_mapping.o
 .debug_info    0x000151a9     0x414f build/default/production/_ext/327000265/drv_usart_static.o
 .debug_info    0x000192f8     0x1679 build/default/production/_ext/327000265/drv_usart_static_byte_model.o
 .debug_info    0x0001a971     0x14c7 build/default/production/_ext/639803181/sys_clk_pic32mx.o
 .debug_info    0x0001be38     0x161c build/default/production/_ext/340578644/sys_devcon.o
 .debug_info    0x0001d454     0x1761 build/default/production/_ext/340578644/sys_devcon_pic32mx.o
 .debug_info    0x0001ebb5     0x40e7 build/default/production/_ext/822048611/sys_ports_static.o
 .debug_info    0x00022c9c     0x183f build/default/production/_ext/1688732426/system_init.o
 .debug_info    0x000244db     0x1714 build/default/production/_ext/1688732426/system_interrupt.o
 .debug_info    0x00025bef     0x1308 build/default/production/_ext/1688732426/system_exceptions.o
 .debug_info    0x00026ef7      0xbd9 build/default/production/_ext/1688732426/system_tasks.o
 .debug_info    0x00027ad0       0x90 build/default/production/_ext/1688732426/system_interrupt_a.o
 .debug_info    0x00027b60      0x246 build/default/production/_ext/1688732426/rtos_hooks.o
 .debug_info    0x00027da6       0xf5 c:/program files (x86)/microchip/xc32/v1.42/bin/bin/../../lib/gcc/pic32mx/4.8.3/../../../../pic32mx/lib\libpic32.a(default-bootstrap-exception-handler.o)
 .debug_info    0x00027e9b       0xcf c:/program files (x86)/microchip/xc32/v1.42/bin/bin/../../lib/gcc/pic32mx/4.8.3/../../../../pic32mx/lib\libpic32.a(default-on-reset.o)
 .debug_info    0x00027f6a       0xd7 c:/program files (x86)/microchip/xc32/v1.42/bin/bin/../../lib/gcc/pic32mx/4.8.3/../../../../pic32mx/lib\libpic32.a(default-on-bootstrap.o)
 .debug_info    0x00028041       0xe9 c:/program files (x86)/microchip/xc32/v1.42/bin/bin/../../lib/gcc/pic32mx/4.8.3/../../../../pic32mx/lib\libpic32.a(defaultinterrupt.o)

.debug_abbrev   0x00000000     0x37ae
 *(.debug_abbrev)
 .debug_abbrev  0x00000000      0x188 build/default/production/_ext/1360937237/app.o
 .debug_abbrev  0x00000188       0x93 build/default/production/_ext/1360937237/main.o
 .debug_abbrev  0x0000021b      0x1fe build/default/production/_ext/24337685/osal_freertos.o
 .debug_abbrev  0x00000419      0x237 build/default/production/_ext/122796885/sys_int_pic32.o
 .debug_abbrev  0x00000650       0x1b build/default/production/_ext/1128951024/croutine.o
 .debug_abbrev  0x0000066b       0xf1 build/default/production/_ext/1128951024/list.o
 .debug_abbrev  0x0000075c      0x2f4 build/default/production/_ext/1128951024/queue.o
 .debug_abbrev  0x00000a50      0x381 build/default/production/_ext/1128951024/tasks.o
 .debug_abbrev  0x00000dd1       0x1b build/default/production/_ext/1128951024/timers.o
 .debug_abbrev  0x00000dec      0x29a build/default/production/_ext/1128951024/event_groups.o
 .debug_abbrev  0x00001086      0x13f build/default/production/_ext/1856876499/heap_1.o
 .debug_abbrev  0x000011c5      0x2cf build/default/production/_ext/12131622/port.o
 .debug_abbrev  0x00001494       0x14 build/default/production/_ext/12131622/port_asm.o
 .debug_abbrev  0x000014a8      0x27f build/default/production/_ext/1361460060/drv_adc_static.o
 .debug_abbrev  0x00001727      0x39d build/default/production/_ext/1407244131/drv_tmr_static.o
 .debug_abbrev  0x00001ac4      0x2bd build/default/production/_ext/1407244131/drv_tmr_mapping.o
 .debug_abbrev  0x00001d81      0x23a build/default/production/_ext/327000265/drv_usart_mapping.o
 .debug_abbrev  0x00001fbb      0x3f2 build/default/production/_ext/327000265/drv_usart_static.o
 .debug_abbrev  0x000023ad      0x2ed build/default/production/_ext/327000265/drv_usart_static_byte_model.o
 .debug_abbrev  0x0000269a      0x26b build/default/production/_ext/639803181/sys_clk_pic32mx.o
 .debug_abbrev  0x00002905      0x27b build/default/production/_ext/340578644/sys_devcon.o
 .debug_abbrev  0x00002b80      0x20f build/default/production/_ext/340578644/sys_devcon_pic32mx.o
 .debug_abbrev  0x00002d8f      0x270 build/default/production/_ext/822048611/sys_ports_static.o
 .debug_abbrev  0x00002fff      0x1da build/default/production/_ext/1688732426/system_init.o
 .debug_abbrev  0x000031d9      0x201 build/default/production/_ext/1688732426/system_interrupt.o
 .debug_abbrev  0x000033da       0xef build/default/production/_ext/1688732426/system_exceptions.o
 .debug_abbrev  0x000034c9      0x19c build/default/production/_ext/1688732426/system_tasks.o
 .debug_abbrev  0x00003665       0x12 build/default/production/_ext/1688732426/system_interrupt_a.o
 .debug_abbrev  0x00003677       0x97 build/default/production/_ext/1688732426/rtos_hooks.o
 .debug_abbrev  0x0000370e       0x28 c:/program files (x86)/microchip/xc32/v1.42/bin/bin/../../lib/gcc/pic32mx/4.8.3/../../../../pic32mx/lib\libpic32.a(default-bootstrap-exception-handler.o)
 .debug_abbrev  0x00003736       0x28 c:/program files (x86)/microchip/xc32/v1.42/bin/bin/../../lib/gcc/pic32mx/4.8.3/../../../../pic32mx/lib\libpic32.a(default-on-reset.o)
 .debug_abbrev  0x0000375e       0x28 c:/program files (x86)/microchip/xc32/v1.42/bin/bin/../../lib/gcc/pic32mx/4.8.3/../../../../pic32mx/lib\libpic32.a(default-on-bootstrap.o)
 .debug_abbrev  0x00003786       0x28 c:/program files (x86)/microchip/xc32/v1.42/bin/bin/../../lib/gcc/pic32mx/4.8.3/../../../../pic32mx/lib\libpic32.a(defaultinterrupt.o)

.debug_line     0x00000000     0x6cc4
 *(.debug_line)
 .debug_line    0x00000000      0x3ce build/default/production/_ext/1360937237/app.o
 .debug_line    0x000003ce       0xb0 build/default/production/_ext/1360937237/main.o
 .debug_line    0x0000047e      0x2e5 build/default/production/_ext/24337685/osal_freertos.o
 .debug_line    0x00000763      0x2d1 build/default/production/_ext/122796885/sys_int_pic32.o
 .debug_line    0x00000a34       0x1d build/default/production/_ext/1128951024/croutine.o
 .debug_line    0x00000a51      0x1dc build/default/production/_ext/1128951024/list.o
 .debug_line    0x00000c2d      0x496 build/default/production/_ext/1128951024/queue.o
 .debug_line    0x000010c3      0x7ba build/default/production/_ext/1128951024/tasks.o
 .debug_line    0x0000187d       0x1d build/default/production/_ext/1128951024/timers.o
 .debug_line    0x0000189a      0x325 build/default/production/_ext/1128951024/event_groups.o
 .debug_line    0x00001bbf      0x217 build/default/production/_ext/1856876499/heap_1.o
 .debug_line    0x00001dd6      0x23a build/default/production/_ext/12131622/port.o
 .debug_line    0x00002010      0x102 build/default/production/_ext/12131622/port_asm.o
 .debug_line    0x00002112      0x708 build/default/production/_ext/1361460060/drv_adc_static.o
 .debug_line    0x0000281a      0x699 build/default/production/_ext/1407244131/drv_tmr_static.o
 .debug_line    0x00002eb3      0x4f7 build/default/production/_ext/1407244131/drv_tmr_mapping.o
 .debug_line    0x000033aa      0x448 build/default/production/_ext/327000265/drv_usart_mapping.o
 .debug_line    0x000037f2      0x7f9 build/default/production/_ext/327000265/drv_usart_static.o
 .debug_line    0x00003feb      0x41d build/default/production/_ext/327000265/drv_usart_static_byte_model.o
 .debug_line    0x00004408      0x434 build/default/production/_ext/639803181/sys_clk_pic32mx.o
 .debug_line    0x0000483c      0x65d build/default/production/_ext/340578644/sys_devcon.o
 .debug_line    0x00004e99      0x47f build/default/production/_ext/340578644/sys_devcon_pic32mx.o
 .debug_line    0x00005318      0x75d build/default/production/_ext/822048611/sys_ports_static.o
 .debug_line    0x00005a75      0x568 build/default/production/_ext/1688732426/system_init.o
 .debug_line    0x00005fdd      0x3c2 build/default/production/_ext/1688732426/system_interrupt.o
 .debug_line    0x0000639f      0x1d2 build/default/production/_ext/1688732426/system_exceptions.o
 .debug_line    0x00006571      0x2f2 build/default/production/_ext/1688732426/system_tasks.o
 .debug_line    0x00006863       0xa5 build/default/production/_ext/1688732426/system_interrupt_a.o
 .debug_line    0x00006908      0x13b build/default/production/_ext/1688732426/rtos_hooks.o
 .debug_line    0x00006a43       0xa9 c:/program files (x86)/microchip/xc32/v1.42/bin/bin/../../lib/gcc/pic32mx/4.8.3/../../../../pic32mx/lib\libpic32.a(default-bootstrap-exception-handler.o)
 .debug_line    0x00006aec       0x96 c:/program files (x86)/microchip/xc32/v1.42/bin/bin/../../lib/gcc/pic32mx/4.8.3/../../../../pic32mx/lib\libpic32.a(default-on-reset.o)
 .debug_line    0x00006b82       0x9a c:/program files (x86)/microchip/xc32/v1.42/bin/bin/../../lib/gcc/pic32mx/4.8.3/../../../../pic32mx/lib\libpic32.a(default-on-bootstrap.o)
 .debug_line    0x00006c1c       0xa8 c:/program files (x86)/microchip/xc32/v1.42/bin/bin/../../lib/gcc/pic32mx/4.8.3/../../../../pic32mx/lib\libpic32.a(defaultinterrupt.o)

.debug_frame    0x00000000     0x18e4
 *(.debug_frame)
 .debug_frame   0x00000000       0x38 build/default/production/_ext/1360937237/app.o
 .debug_frame   0x00000038       0x28 build/default/production/_ext/1360937237/main.o
 .debug_frame   0x00000060      0x150 build/default/production/_ext/24337685/osal_freertos.o
 .debug_frame   0x000001b0       0x90 build/default/production/_ext/122796885/sys_int_pic32.o
 .debug_frame   0x00000240       0x60 build/default/production/_ext/1128951024/list.o
 .debug_frame   0x000002a0      0x218 build/default/production/_ext/1128951024/queue.o
 .debug_frame   0x000004b8      0x458 build/default/production/_ext/1128951024/tasks.o
 .debug_frame   0x00000910      0x108 build/default/production/_ext/1128951024/event_groups.o
 .debug_frame   0x00000a18       0x5c build/default/production/_ext/1856876499/heap_1.o
 .debug_frame   0x00000a74       0xc0 build/default/production/_ext/12131622/port.o
 .debug_frame   0x00000b34       0xd0 build/default/production/_ext/1361460060/drv_adc_static.o
 .debug_frame   0x00000c04      0x108 build/default/production/_ext/1407244131/drv_tmr_static.o
 .debug_frame   0x00000d0c      0x26c build/default/production/_ext/1407244131/drv_tmr_mapping.o
 .debug_frame   0x00000f78      0x234 build/default/production/_ext/327000265/drv_usart_mapping.o
 .debug_frame   0x000011ac       0xe4 build/default/production/_ext/327000265/drv_usart_static.o
 .debug_frame   0x00001290       0x80 build/default/production/_ext/327000265/drv_usart_static_byte_model.o
 .debug_frame   0x00001310       0xa0 build/default/production/_ext/639803181/sys_clk_pic32mx.o
 .debug_frame   0x000013b0       0xe8 build/default/production/_ext/340578644/sys_devcon.o
 .debug_frame   0x00001498       0x28 build/default/production/_ext/340578644/sys_devcon_pic32mx.o
 .debug_frame   0x000014c0      0x270 build/default/production/_ext/822048611/sys_ports_static.o
 .debug_frame   0x00001730       0x28 build/default/production/_ext/1688732426/system_init.o
 .debug_frame   0x00001758       0x40 build/default/production/_ext/1688732426/system_interrupt.o
 .debug_frame   0x00001798       0x28 build/default/production/_ext/1688732426/system_exceptions.o
 .debug_frame   0x000017c0       0x58 build/default/production/_ext/1688732426/system_tasks.o
 .debug_frame   0x00001818       0x40 build/default/production/_ext/1688732426/rtos_hooks.o
 .debug_frame   0x00001858       0x2c c:/program files (x86)/microchip/xc32/v1.42/bin/bin/../../lib/gcc/pic32mx/4.8.3/../../../../pic32mx/lib\libpic32.a(default-bootstrap-exception-handler.o)
 .debug_frame   0x00001884       0x20 c:/program files (x86)/microchip/xc32/v1.42/bin/bin/../../lib/gcc/pic32mx/4.8.3/../../../../pic32mx/lib\libpic32.a(default-on-reset.o)
 .debug_frame   0x000018a4       0x20 c:/program files (x86)/microchip/xc32/v1.42/bin/bin/../../lib/gcc/pic32mx/4.8.3/../../../../pic32mx/lib\libpic32.a(default-on-bootstrap.o)
 .debug_frame   0x000018c4       0x20 c:/program files (x86)/microchip/xc32/v1.42/bin/bin/../../lib/gcc/pic32mx/4.8.3/../../../../pic32mx/lib\libpic32.a(defaultinterrupt.o)

.debug_str      0x00000000      0x74c
 *(.debug_str)
 .debug_str     0x00000000        0x0 build/default/production/_ext/1360937237/app.o
 .debug_str     0x00000000        0x0 build/default/production/_ext/1360937237/main.o
 .debug_str     0x00000000       0x40 build/default/production/_ext/24337685/osal_freertos.o
 .debug_str     0x00000040       0x1d build/default/production/_ext/122796885/sys_int_pic32.o
 .debug_str     0x0000005d        0x0 build/default/production/_ext/1128951024/croutine.o
 .debug_str     0x0000005d       0x2b build/default/production/_ext/1128951024/list.o
 .debug_str     0x00000088      0x131 build/default/production/_ext/1128951024/queue.o
 .debug_str     0x000001b9      0x186 build/default/production/_ext/1128951024/tasks.o
 .debug_str     0x0000033f        0x0 build/default/production/_ext/1128951024/timers.o
 .debug_str     0x0000033f       0xe6 build/default/production/_ext/1128951024/event_groups.o
 .debug_str     0x00000425       0x1d build/default/production/_ext/1856876499/heap_1.o
 .debug_str     0x00000442       0x37 build/default/production/_ext/12131622/port.o
 .debug_str     0x00000479       0x8e build/default/production/_ext/1361460060/drv_adc_static.o
 .debug_str     0x00000507       0x68 build/default/production/_ext/1407244131/drv_tmr_static.o
 .debug_str     0x0000056f        0xe build/default/production/_ext/1407244131/drv_tmr_mapping.o
 .debug_str     0x0000057d       0x23 build/default/production/_ext/327000265/drv_usart_mapping.o
 .debug_str     0x000005a0       0xe1 build/default/production/_ext/327000265/drv_usart_static.o
 .debug_str     0x00000681       0x18 build/default/production/_ext/327000265/drv_usart_static_byte_model.o
 .debug_str     0x00000699       0x39 build/default/production/_ext/639803181/sys_clk_pic32mx.o
 .debug_str     0x000006d2       0x16 build/default/production/_ext/340578644/sys_devcon.o
 .debug_str     0x000006e8        0x6 build/default/production/_ext/340578644/sys_devcon_pic32mx.o
 .debug_str     0x000006ee       0x55 build/default/production/_ext/822048611/sys_ports_static.o
 .debug_str     0x00000743        0x0 build/default/production/_ext/1688732426/system_init.o
 .debug_str     0x00000743        0x0 build/default/production/_ext/1688732426/system_interrupt.o
 .debug_str     0x00000743        0x0 build/default/production/_ext/1688732426/system_exceptions.o
 .debug_str     0x00000743        0x0 build/default/production/_ext/1688732426/system_tasks.o
 .debug_str     0x00000743        0x9 build/default/production/_ext/1688732426/rtos_hooks.o
 .debug_str     0x0000074c        0x0 c:/program files (x86)/microchip/xc32/v1.42/bin/bin/../../lib/gcc/pic32mx/4.8.3/../../../../pic32mx/lib\libpic32.a(default-bootstrap-exception-handler.o)
 .debug_str     0x0000074c        0x0 c:/program files (x86)/microchip/xc32/v1.42/bin/bin/../../lib/gcc/pic32mx/4.8.3/../../../../pic32mx/lib\libpic32.a(default-on-reset.o)
 .debug_str     0x0000074c        0x0 c:/program files (x86)/microchip/xc32/v1.42/bin/bin/../../lib/gcc/pic32mx/4.8.3/../../../../pic32mx/lib\libpic32.a(default-on-bootstrap.o)
 .debug_str     0x0000074c        0x0 c:/program files (x86)/microchip/xc32/v1.42/bin/bin/../../lib/gcc/pic32mx/4.8.3/../../../../pic32mx/lib\libpic32.a(defaultinterrupt.o)

.debug_loc      0x00000000     0x502f
 *(.debug_loc)
 .debug_loc     0x00000000      0x40c build/default/production/_ext/24337685/osal_freertos.o
 .debug_loc     0x0000040c       0x7c build/default/production/_ext/122796885/sys_int_pic32.o
 .debug_loc     0x00000488       0x31 build/default/production/_ext/1128951024/list.o
 .debug_loc     0x000004b9      0xeb0 build/default/production/_ext/1128951024/queue.o
 .debug_loc     0x00001369     0x1471 build/default/production/_ext/1128951024/tasks.o
 .debug_loc     0x000027da      0x8ea build/default/production/_ext/1128951024/event_groups.o
 .debug_loc     0x000030c4       0x49 build/default/production/_ext/1856876499/heap_1.o
 .debug_loc     0x0000310d       0xea build/default/production/_ext/12131622/port.o
 .debug_loc     0x000031f7       0x21 build/default/production/_ext/1361460060/drv_adc_static.o
 .debug_loc     0x00003218      0x2bf build/default/production/_ext/1407244131/drv_tmr_static.o
 .debug_loc     0x000034d7      0x38f build/default/production/_ext/1407244131/drv_tmr_mapping.o
 .debug_loc     0x00003866      0x6a4 build/default/production/_ext/327000265/drv_usart_mapping.o
 .debug_loc     0x00003f0a      0x4f7 build/default/production/_ext/327000265/drv_usart_static.o
 .debug_loc     0x00004401       0x78 build/default/production/_ext/327000265/drv_usart_static_byte_model.o
 .debug_loc     0x00004479       0x75 build/default/production/_ext/639803181/sys_clk_pic32mx.o
 .debug_loc     0x000044ee       0xf0 build/default/production/_ext/340578644/sys_devcon.o
 .debug_loc     0x000045de       0xec build/default/production/_ext/340578644/sys_devcon_pic32mx.o
 .debug_loc     0x000046ca      0x910 build/default/production/_ext/822048611/sys_ports_static.o
 .debug_loc     0x00004fda       0x21 build/default/production/_ext/1688732426/system_init.o
 .debug_loc     0x00004ffb       0x34 build/default/production/_ext/1688732426/rtos_hooks.o

.debug_macinfo
 *(.debug_macinfo)

.debug_weaknames
 *(.debug_weaknames)

.debug_funcnames
 *(.debug_funcnames)

.debug_typenames
 *(.debug_typenames)

.debug_varnames
 *(.debug_varnames)

.debug_pubtypes
 *(.debug_pubtypes)

.debug_ranges   0x00000000      0xb18
 *(.debug_ranges)
 .debug_ranges  0x00000000       0x18 build/default/production/_ext/1360937237/app.o
 .debug_ranges  0x00000018       0x10 build/default/production/_ext/1360937237/main.o
 .debug_ranges  0x00000028       0x78 build/default/production/_ext/24337685/osal_freertos.o
 .debug_ranges  0x000000a0       0x50 build/default/production/_ext/122796885/sys_int_pic32.o
 .debug_ranges  0x000000f0       0x30 build/default/production/_ext/1128951024/list.o
 .debug_ranges  0x00000120      0x130 build/default/production/_ext/1128951024/queue.o
 .debug_ranges  0x00000250      0x1b0 build/default/production/_ext/1128951024/tasks.o
 .debug_ranges  0x00000400       0x98 build/default/production/_ext/1128951024/event_groups.o
 .debug_ranges  0x00000498       0x28 build/default/production/_ext/1856876499/heap_1.o
 .debug_ranges  0x000004c0       0x48 build/default/production/_ext/12131622/port.o
 .debug_ranges  0x00000508       0x68 build/default/production/_ext/1361460060/drv_adc_static.o
 .debug_ranges  0x00000570       0x98 build/default/production/_ext/1407244131/drv_tmr_static.o
 .debug_ranges  0x00000608       0xd8 build/default/production/_ext/1407244131/drv_tmr_mapping.o
 .debug_ranges  0x000006e0       0xa0 build/default/production/_ext/327000265/drv_usart_mapping.o
 .debug_ranges  0x00000780       0x90 build/default/production/_ext/327000265/drv_usart_static.o
 .debug_ranges  0x00000810       0x38 build/default/production/_ext/327000265/drv_usart_static_byte_model.o
 .debug_ranges  0x00000848       0x40 build/default/production/_ext/639803181/sys_clk_pic32mx.o
 .debug_ranges  0x00000888       0x68 build/default/production/_ext/340578644/sys_devcon.o
 .debug_ranges  0x000008f0       0x10 build/default/production/_ext/340578644/sys_devcon_pic32mx.o
 .debug_ranges  0x00000900      0x138 build/default/production/_ext/822048611/sys_ports_static.o
 .debug_ranges  0x00000a38       0x10 build/default/production/_ext/1688732426/system_init.o
 .debug_ranges  0x00000a48       0x18 build/default/production/_ext/1688732426/system_interrupt.o
 .debug_ranges  0x00000a60       0x10 build/default/production/_ext/1688732426/system_exceptions.o
 .debug_ranges  0x00000a70       0x20 build/default/production/_ext/1688732426/system_tasks.o
 .debug_ranges  0x00000a90       0x30 build/default/production/_ext/1688732426/system_interrupt_a.o
 .debug_ranges  0x00000ac0       0x18 build/default/production/_ext/1688732426/rtos_hooks.o
 .debug_ranges  0x00000ad8       0x10 c:/program files (x86)/microchip/xc32/v1.42/bin/bin/../../lib/gcc/pic32mx/4.8.3/../../../../pic32mx/lib\libpic32.a(default-bootstrap-exception-handler.o)
 .debug_ranges  0x00000ae8       0x10 c:/program files (x86)/microchip/xc32/v1.42/bin/bin/../../lib/gcc/pic32mx/4.8.3/../../../../pic32mx/lib\libpic32.a(default-on-reset.o)
 .debug_ranges  0x00000af8       0x10 c:/program files (x86)/microchip/xc32/v1.42/bin/bin/../../lib/gcc/pic32mx/4.8.3/../../../../pic32mx/lib\libpic32.a(default-on-bootstrap.o)
 .debug_ranges  0x00000b08       0x10 c:/program files (x86)/microchip/xc32/v1.42/bin/bin/../../lib/gcc/pic32mx/4.8.3/../../../../pic32mx/lib\libpic32.a(defaultinterrupt.o)

.gnu.attributes
                0x00000000       0x10
 *(.gnu.attributes)
 .gnu.attributes
                0x00000000       0x10 build/default/production/_ext/1360937237/app.o
 .gnu.attributes
                0x00000010       0x10 build/default/production/_ext/1360937237/main.o
 .gnu.attributes
                0x00000020       0x10 build/default/production/_ext/24337685/osal_freertos.o
 .gnu.attributes
                0x00000030       0x10 build/default/production/_ext/122796885/sys_int_pic32.o
 .gnu.attributes
                0x00000040       0x10 build/default/production/_ext/1128951024/croutine.o
 .gnu.attributes
                0x00000050       0x10 build/default/production/_ext/1128951024/list.o
 .gnu.attributes
                0x00000060       0x10 build/default/production/_ext/1128951024/queue.o
 .gnu.attributes
                0x00000070       0x10 build/default/production/_ext/1128951024/tasks.o
 .gnu.attributes
                0x00000080       0x10 build/default/production/_ext/1128951024/timers.o
 .gnu.attributes
                0x00000090       0x10 build/default/production/_ext/1128951024/event_groups.o
 .gnu.attributes
                0x000000a0       0x10 build/default/production/_ext/1856876499/heap_1.o
 .gnu.attributes
                0x000000b0       0x10 build/default/production/_ext/12131622/port.o
 .gnu.attributes
                0x000000c0       0x10 build/default/production/_ext/1361460060/drv_adc_static.o
 .gnu.attributes
                0x000000d0       0x10 build/default/production/_ext/1407244131/drv_tmr_static.o
 .gnu.attributes
                0x000000e0       0x10 build/default/production/_ext/1407244131/drv_tmr_mapping.o
 .gnu.attributes
                0x000000f0       0x10 build/default/production/_ext/327000265/drv_usart_mapping.o
 .gnu.attributes
                0x00000100       0x10 build/default/production/_ext/327000265/drv_usart_static.o
 .gnu.attributes
                0x00000110       0x10 build/default/production/_ext/327000265/drv_usart_static_byte_model.o
 .gnu.attributes
                0x00000120       0x10 build/default/production/_ext/639803181/sys_clk_pic32mx.o
 .gnu.attributes
                0x00000130       0x10 build/default/production/_ext/340578644/sys_devcon.o
 .gnu.attributes
                0x00000140       0x10 build/default/production/_ext/340578644/sys_devcon_pic32mx.o
 .gnu.attributes
                0x00000150       0x10 build/default/production/_ext/822048611/sys_ports_static.o
 .gnu.attributes
                0x00000160       0x10 build/default/production/_ext/1688732426/system_init.o
 .gnu.attributes
                0x00000170       0x10 build/default/production/_ext/1688732426/system_interrupt.o
 .gnu.attributes
                0x00000180       0x10 build/default/production/_ext/1688732426/system_exceptions.o
 .gnu.attributes
                0x00000190       0x10 build/default/production/_ext/1688732426/system_tasks.o
 .gnu.attributes
                0x000001a0       0x10 build/default/production/_ext/1688732426/rtos_hooks.o
 .gnu.attributes
                0x000001b0       0x10 c:/program files (x86)/microchip/xc32/v1.42/bin/bin/../../lib/gcc/pic32mx/4.8.3/../../../../pic32mx/lib\libpic32.a(default-bootstrap-exception-handler.o)
 .gnu.attributes
                0x000001c0       0x10 c:/program files (x86)/microchip/xc32/v1.42/bin/bin/../../lib/gcc/pic32mx/4.8.3/../../../../pic32mx/lib\libpic32.a(default-on-reset.o)
 .gnu.attributes
                0x000001d0       0x10 c:/program files (x86)/microchip/xc32/v1.42/bin/bin/../../lib/gcc/pic32mx/4.8.3/../../../../pic32mx/lib\libpic32.a(default-on-bootstrap.o)
 .gnu.attributes
                0x000001e0       0x10 c:/program files (x86)/microchip/xc32/v1.42/bin/bin/../../lib/gcc/pic32mx/4.8.3/../../../../pic32mx/lib\libpic32.a(defaultinterrupt.o)
LOAD c:/program files (x86)/microchip/xc32/v1.42/bin/bin/../../lib/gcc/pic32mx/4.8.3\libgcc.a
START GROUP
LOAD c:/program files (x86)/microchip/xc32/v1.42/bin/bin/../../lib/gcc/pic32mx/4.8.3/../../../../pic32mx/lib\libpic32.a
LOAD c:/program files (x86)/microchip/xc32/v1.42/bin/bin/../../lib/gcc/pic32mx/4.8.3/../../../../pic32mx/lib\libdebug.a
LOAD c:/program files (x86)/microchip/xc32/v1.42/bin/bin/../../lib/gcc/pic32mx/4.8.3/../../../../pic32mx/lib\libpic32.a
LOAD c:/program files (x86)/microchip/xc32/v1.42/bin/bin/../../lib/gcc/pic32mx/4.8.3/../../../../pic32mx/lib\libm.a
LOAD c:/program files (x86)/microchip/xc32/v1.42/bin/bin/../../lib/gcc/pic32mx/4.8.3/../../../../pic32mx/lib\libe.a
LOAD c:/program files (x86)/microchip/xc32/v1.42/bin/bin/../../lib/gcc/pic32mx/4.8.3/../../../../pic32mx/lib\libdsp.a
LOAD c:/program files (x86)/microchip/xc32/v1.42/bin/bin/../../lib/gcc/pic32mx/4.8.3\libgcc.a
LOAD c:/program files (x86)/microchip/xc32/v1.42/bin/bin/../../lib/gcc/pic32mx/4.8.3/../../../../pic32mx/lib\libc.a
LOAD c:/program files (x86)/microchip/xc32/v1.42/bin/bin/../../lib/gcc/pic32mx/4.8.3/../../../../pic32mx/lib\libc.a
LOAD c:/program files (x86)/microchip/xc32/v1.42/bin/bin/../../lib/gcc/pic32mx/4.8.3/../../../../pic32mx/lib\libpic32.a
END GROUP
LOAD c:/program files (x86)/microchip/xc32/v1.42/bin/bin/../../lib/gcc/pic32mx/4.8.3\libgcc.a
OUTPUT(dist/default/production/test_1.X.production.elf elf32-tradlittlemips)
LOAD stack
LOAD data_init

.reginfo        0x00000000       0x18
 .reginfo       0x00000000       0x18 c:/program files (x86)/microchip/xc32/v1.42/bin/bin/../../lib/gcc/pic32mx/4.8.3/../../../../pic32mx/lib/./proc/32MX795F512L/crt0_mips32r2.o

.stack          0xa00197a8      0x400
 .stack         0xa00197a8      0x400 stack

.bss            0xa0000080    0x19708
 .bss           0xa0000080    0x19000 build/default/production/_ext/1856876499/heap_1.o
 .bss           0xa0019080      0x640 build/default/production/_ext/12131622/port.o
                0xa0019080                xISRStack
 .bss           0xa00196c0       0xc8 build/default/production/_ext/1128951024/tasks.o

._debug_exception
                0xbfc00480       0x2c
 ._debug_exception
                0xbfc00480       0x2c c:/program files (x86)/microchip/xc32/v1.42/bin/bin/../../lib/gcc/pic32mx/4.8.3/../../../../pic32mx/lib\debug-exception-return.o
                0xbfc00480                __DbgExecReturn

.text           0x9d000000      0x454
 .text          0x9d000000      0x454 build/default/production/_ext/12131622/port_asm.o
                0x9d000000                vPortTickInterruptHandler
                0x9d0001ac                vPortStartFirstTask
                0x9d000274                vPortYieldISR

.text.xTaskCreate
                0x9d000454      0x2d0
 .text.xTaskCreate
                0x9d000454      0x2d0 build/default/production/_ext/1128951024/tasks.o
                0x9d000454                xTaskCreate

.text.xQueueGenericReceive
                0x9d000724      0x264
 .text.xQueueGenericReceive
                0x9d000724      0x264 build/default/production/_ext/1128951024/queue.o
                0x9d000724                xQueueGenericReceive

.text.xQueueGenericSend
                0x9d000988      0x20c
 .text.xQueueGenericSend
                0x9d000988      0x20c build/default/production/_ext/1128951024/queue.o
                0x9d000988                xQueueGenericSend

.DrvAdc_vector_text
                0x9d000b94      0x1b4
 .DrvAdc_vector_text
                0x9d000b94      0x1b4 build/default/production/_ext/1688732426/system_interrupt_a.o

.DrvTmrInstance0_vector_text
                0x9d000d48      0x1b4
 .DrvTmrInstance0_vector_text
                0x9d000d48      0x1b4 build/default/production/_ext/1688732426/system_interrupt_a.o

.text.xTaskIncrementTick
                0x9d000efc      0x198
 .text.xTaskIncrementTick
                0x9d000efc      0x198 build/default/production/_ext/1128951024/tasks.o
                0x9d000efc                xTaskIncrementTick

.text           0x9d001094      0x168
 .text          0x9d001094      0x168 c:/program files (x86)/microchip/xc32/v1.42/bin/bin/../../lib/gcc/pic32mx/4.8.3/../../../../pic32mx/lib\libpic32.a(memcpy.o)
                0x9d001094                memcpy

.text.DRV_USART0_Initialize
                0x9d0011fc      0x150
 .text.DRV_USART0_Initialize
                0x9d0011fc      0x150 build/default/production/_ext/327000265/drv_usart_static.o
                0x9d0011fc                DRV_USART0_Initialize

.text.xTaskResumeAll
                0x9d00134c      0x148
 .text.xTaskResumeAll
                0x9d00134c      0x148 build/default/production/_ext/1128951024/tasks.o
                0x9d00134c                xTaskResumeAll

.text.vTaskPriorityInherit
                0x9d001494      0x12c
 .text.vTaskPriorityInherit
                0x9d001494      0x12c build/default/production/_ext/1128951024/tasks.o
                0x9d001494                vTaskPriorityInherit

.rodata         0x9d0015c0      0x128
 .rodata        0x9d0015c0      0x128 build/default/production/_ext/1688732426/system_exceptions.o

.text.prvUnlockQueue
                0x9d0016e8       0xfc
 .text.prvUnlockQueue
                0x9d0016e8       0xfc build/default/production/_ext/1128951024/queue.o

.text.xTaskPriorityDisinherit
                0x9d0017e4       0xf8
 .text.xTaskPriorityDisinherit
                0x9d0017e4       0xf8 build/default/production/_ext/1128951024/tasks.o
                0x9d0017e4                xTaskPriorityDisinherit

.text.DRV_ADC_Initialize
                0x9d0018dc       0xf8
 .text.DRV_ADC_Initialize
                0x9d0018dc       0xf8 build/default/production/_ext/1361460060/drv_adc_static.o
                0x9d0018dc                DRV_ADC_Initialize

.text.prvCopyDataToQueue
                0x9d0019d4       0xf4
 .text.prvCopyDataToQueue
                0x9d0019d4       0xf4 build/default/production/_ext/1128951024/queue.o

.text.prvAddCurrentTaskToDelayedList
                0x9d001ac8       0xe4
 .text.prvAddCurrentTaskToDelayedList
                0x9d001ac8       0xe4 build/default/production/_ext/1128951024/tasks.o

.text.SYS_DEVCON_PerformanceConfig
                0x9d001bac       0xe4
 .text.SYS_DEVCON_PerformanceConfig
                0x9d001bac       0xe4 build/default/production/_ext/340578644/sys_devcon_pic32mx.o
                0x9d001bac                SYS_DEVCON_PerformanceConfig

.text.vTaskSwitchContext
                0x9d001c90       0xe0
 .text.vTaskSwitchContext
                0x9d001c90       0xe0 build/default/production/_ext/1128951024/tasks.o
                0x9d001c90                vTaskSwitchContext

.text.general_exception
                0x9d001d70       0xdc
 .text.general_exception
                0x9d001d70       0xdc c:/program files (x86)/microchip/xc32/v1.42/bin/bin/../../lib/gcc/pic32mx/4.8.3/../../../../pic32mx/lib\libpic32.a(general-exception.o)
                0x9d001d70                _general_exception_context

.text.xQueueGenericReset
                0x9d001e4c       0xc0
 .text.xQueueGenericReset
                0x9d001e4c       0xc0 build/default/production/_ext/1128951024/queue.o
                0x9d001e4c                xQueueGenericReset

.text.pvPortMalloc
                0x9d001f0c       0xc0
 .text.pvPortMalloc
                0x9d001f0c       0xc0 build/default/production/_ext/1856876499/heap_1.o
                0x9d001f0c                pvPortMalloc

.text.xTaskRemoveFromEventList
                0x9d001fcc       0xbc
 .text.xTaskRemoveFromEventList
                0x9d001fcc       0xbc build/default/production/_ext/1128951024/tasks.o
                0x9d001fcc                xTaskRemoveFromEventList

.text.prvIdleTask
                0x9d002088       0xb4
 .text.prvIdleTask
                0x9d002088       0xb4 build/default/production/_ext/1128951024/tasks.o

.text           0x9d00213c       0xa8
 .text          0x9d00213c       0xa8 c:/program files (x86)/microchip/xc32/v1.42/bin/bin/../../lib/gcc/pic32mx/4.8.3/../../../../pic32mx/lib\libpic32.a(memset.o)
                0x9d00213c                memset

.text.xTaskCheckForTimeOut
                0x9d0021e4       0xa0
 .text.xTaskCheckForTimeOut
                0x9d0021e4       0xa0 build/default/production/_ext/1128951024/tasks.o
                0x9d0021e4                xTaskCheckForTimeOut

.text.SYS_PORTS_Initialize
                0x9d002284       0x9c
 .text.SYS_PORTS_Initialize
                0x9d002284       0x9c build/default/production/_ext/822048611/sys_ports_static.o
                0x9d002284                SYS_PORTS_Initialize

.text.xQueueGenericCreate
                0x9d002320       0x94
 .text.xQueueGenericCreate
                0x9d002320       0x94 build/default/production/_ext/1128951024/queue.o
                0x9d002320                xQueueGenericCreate

.text.DRV_TMR0_Initialize
                0x9d0023b4       0x84
 .text.DRV_TMR0_Initialize
                0x9d0023b4       0x84 build/default/production/_ext/1407244131/drv_tmr_static.o
                0x9d0023b4                DRV_TMR0_Initialize

.text.vTaskStartScheduler
                0x9d002438       0x80
 .text.vTaskStartScheduler
                0x9d002438       0x80 build/default/production/_ext/1128951024/tasks.o
                0x9d002438                vTaskStartScheduler

.dinit          0x9d0024b8       0x80
 .dinit         0x9d0024b8       0x80 data_init

.text.SYS_Initialize
                0x9d002538       0x74
 .text.SYS_Initialize
                0x9d002538       0x74 build/default/production/_ext/1688732426/system_init.o
                0x9d002538                SYS_Initialize

.text.APP_Tasks
                0x9d0025ac       0x70
 .text.APP_Tasks
                0x9d0025ac       0x70 build/default/production/_ext/1360937237/app.o
                0x9d0025ac                APP_Tasks

.text.vApplicationSetupTickTimerInterrupt
                0x9d00261c       0x6c
 .text.vApplicationSetupTickTimerInterrupt
                0x9d00261c       0x6c build/default/production/_ext/12131622/port.o
                0x9d00261c                vApplicationSetupTickTimerInterrupt

.text.vTaskExitCritical
                0x9d002688       0x68
 .text.vTaskExitCritical
                0x9d002688       0x68 build/default/production/_ext/1128951024/tasks.o
                0x9d002688                vTaskExitCritical

.text.SYS_Tasks
                0x9d0026f0       0x68
 .text.SYS_Tasks
                0x9d0026f0       0x68 build/default/production/_ext/1688732426/system_tasks.o
                0x9d0026f0                SYS_Tasks

.text.SYS_CLK_Initialize
                0x9d002758       0x60
 .text.SYS_CLK_Initialize
                0x9d002758       0x60 build/default/production/_ext/639803181/sys_clk_pic32mx.o
                0x9d002758                SYS_CLK_Initialize

.text.vListInsert
                0x9d0027b8       0x5c
 .text.vListInsert
                0x9d0027b8       0x5c build/default/production/_ext/1128951024/list.o
                0x9d0027b8                vListInsert

.text.xPortStartScheduler
                0x9d002814       0x5c
 .text.xPortStartScheduler
                0x9d002814       0x5c build/default/production/_ext/12131622/port.o
                0x9d002814                xPortStartScheduler

.text.xQueueCreateMutex
                0x9d002870       0x58
 .text.xQueueCreateMutex
                0x9d002870       0x58 build/default/production/_ext/1128951024/queue.o
                0x9d002870                xQueueCreateMutex

.text.vTaskDelay
                0x9d0028c8       0x58
 .text.vTaskDelay
                0x9d0028c8       0x58 build/default/production/_ext/1128951024/tasks.o
                0x9d0028c8                vTaskDelay

.text.SYS_DEVCON_SystemUnlock
                0x9d002920       0x58
 .text.SYS_DEVCON_SystemUnlock
                0x9d002920       0x58 build/default/production/_ext/340578644/sys_devcon.o
                0x9d002920                SYS_DEVCON_SystemUnlock

.text.main_entry
                0x9d002978       0x54
 .text.main_entry
                0x9d002978       0x54 c:/program files (x86)/microchip/xc32/v1.42/bin/bin/../../lib/gcc/pic32mx/4.8.3/../../../../pic32mx/lib/./proc/32MX795F512L/crt0_mips32r2.o
                0x9d0029ac                __crt0_exit

.text.pxPortInitialiseStack
                0x9d0029cc       0x54
 .text.pxPortInitialiseStack
                0x9d0029cc       0x54 build/default/production/_ext/12131622/port.o
                0x9d0029cc                pxPortInitialiseStack

.text.vPortIncrementTick
                0x9d002a20       0x54
 .text.vPortIncrementTick
                0x9d002a20       0x54 build/default/production/_ext/12131622/port.o
                0x9d002a20                vPortIncrementTick

.text.prvCopyDataFromQueue
                0x9d002a74       0x50
 .text.prvCopyDataFromQueue
                0x9d002a74       0x50 build/default/production/_ext/1128951024/queue.o

.text.vTaskEnterCritical
                0x9d002ac4       0x50
 .text.vTaskEnterCritical
                0x9d002ac4       0x50 build/default/production/_ext/1128951024/tasks.o
                0x9d002ac4                vTaskEnterCritical

.text.DRV_USART0_WriteByte
                0x9d002b14       0x50
 .text.DRV_USART0_WriteByte
                0x9d002b14       0x50 build/default/production/_ext/327000265/drv_usart_static_byte_model.o
                0x9d002b14                DRV_USART0_WriteByte

.text.DRV_USART0_TransferStatus
                0x9d002b64       0x48
 .text.DRV_USART0_TransferStatus
                0x9d002b64       0x48 build/default/production/_ext/327000265/drv_usart_static.o
                0x9d002b64                DRV_USART0_TransferStatus

.text.SYS_DEVCON_SystemLock
                0x9d002bac       0x48
 .text.SYS_DEVCON_SystemLock
                0x9d002bac       0x48 build/default/production/_ext/340578644/sys_devcon.o
                0x9d002bac                SYS_DEVCON_SystemLock

.text._bootstrap_exception_handler
                0x9d002bf4       0x48
 .text._bootstrap_exception_handler
                0x9d002bf4       0x48 c:/program files (x86)/microchip/xc32/v1.42/bin/bin/../../lib/gcc/pic32mx/4.8.3/../../../../pic32mx/lib\libpic32.a(default-bootstrap-exception-handler.o)
                0x9d002bf4                _bootstrap_exception_handler

.vector_default
                0x9d002c3c       0x48
 .vector_default
                0x9d002c3c       0x48 c:/program files (x86)/microchip/xc32/v1.42/bin/bin/../../lib/gcc/pic32mx/4.8.3/../../../../pic32mx/lib\libpic32.a(defaultinterrupt.o)
                0x9d002c3c                _DefaultInterrupt

.text.OSAL_MUTEX_Lock
                0x9d002c84       0x44
 .text.OSAL_MUTEX_Lock
                0x9d002c84       0x44 build/default/production/_ext/24337685/osal_freertos.o
                0x9d002c84                OSAL_MUTEX_Lock

.text.uxListRemove
                0x9d002cc8       0x44
 .text.uxListRemove
                0x9d002cc8       0x44 build/default/production/_ext/1128951024/list.o
                0x9d002cc8                uxListRemove

.text.IntHandlerDrvAdc
                0x9d002d0c       0x44
 .text.IntHandlerDrvAdc
                0x9d002d0c       0x44 build/default/production/_ext/1688732426/system_interrupt.o
                0x9d002d0c                IntHandlerDrvAdc

.text           0x9d002d50       0x44
 .text          0x9d002d50       0x44 c:/program files (x86)/microchip/xc32/v1.42/bin/bin/../../lib/gcc/pic32mx/4.8.3/../../../../pic32mx/lib\pic32_software_reset.o
                0x9d002d50                __pic32_software_reset

.text.IntHandlerDrvTmrInstance0
                0x9d002d94       0x40
 .text.IntHandlerDrvTmrInstance0
                0x9d002d94       0x40 build/default/production/_ext/1688732426/system_interrupt.o
                0x9d002d94                IntHandlerDrvTmrInstance0

.text._general_exception_handler
                0x9d002dd4       0x40
 .text._general_exception_handler
                0x9d002dd4       0x40 build/default/production/_ext/1688732426/system_exceptions.o
                0x9d002dd4                _general_exception_handler

.text.OSAL_MUTEX_Create
                0x9d002e14       0x3c
 .text.OSAL_MUTEX_Create
                0x9d002e14       0x3c build/default/production/_ext/24337685/osal_freertos.o
                0x9d002e14                OSAL_MUTEX_Create

.text.uxPortSetInterruptMaskFromISR
                0x9d002e50       0x3c
 .text.uxPortSetInterruptMaskFromISR
                0x9d002e50       0x3c build/default/production/_ext/12131622/port.o
                0x9d002e50                uxPortSetInterruptMaskFromISR

.text.prvResetNextTaskUnblockTime
                0x9d002e8c       0x38
 .text.prvResetNextTaskUnblockTime
                0x9d002e8c       0x38 build/default/production/_ext/1128951024/tasks.o

.text.vTaskPlaceOnEventList
                0x9d002ec4       0x38
 .text.vTaskPlaceOnEventList
                0x9d002ec4       0x38 build/default/production/_ext/1128951024/tasks.o
                0x9d002ec4                vTaskPlaceOnEventList

.text.DRV_TMR0_Start
                0x9d002efc       0x38
 .text.DRV_TMR0_Start
                0x9d002efc       0x38 build/default/production/_ext/1407244131/drv_tmr_static.o
                0x9d002efc                DRV_TMR0_Start

.text.DRV_USART_Initialize
                0x9d002f34       0x34
 .text.DRV_USART_Initialize
                0x9d002f34       0x34 build/default/production/_ext/327000265/drv_usart_mapping.o
                0x9d002f34                DRV_USART_Initialize

.text.OSAL_MUTEX_Unlock
                0x9d002f68       0x30
 .text.OSAL_MUTEX_Unlock
                0x9d002f68       0x30 build/default/production/_ext/24337685/osal_freertos.o
                0x9d002f68                OSAL_MUTEX_Unlock

.text.vListInsertEnd
                0x9d002f98       0x30
 .text.vListInsertEnd
                0x9d002f98       0x30 build/default/production/_ext/1128951024/list.o
                0x9d002f98                vListInsertEnd

.text.prvTaskExitError
                0x9d002fc8       0x2c
 .text.prvTaskExitError
                0x9d002fc8       0x2c build/default/production/_ext/12131622/port.o

.text.vApplicationStackOverflowHook
                0x9d002ff4       0x2c
 .text.vApplicationStackOverflowHook
                0x9d002ff4       0x2c build/default/production/_ext/1688732426/rtos_hooks.o
                0x9d002ff4                vApplicationStackOverflowHook

.text.vApplicationMallocFailedHook